../src/communicationCenter/handlers/Control.cpp:30:1:Controller::Controller(Layer3&, CommunicationCenter&)	16	static
../src/communicationCenter/handlers/Control.cpp:44:6:void Controller::openSocket()	8	static
../src/communicationCenter/handlers/Control.cpp:53:6:void Controller::SendStatus(CONTROL_OPCODE, uint8_t)	152	static
../src/communicationCenter/handlers/Control.cpp:89:6:void Controller::SetState(uint8_t, uint32_t)	0	static
../src/communicationCenter/handlers/Control.cpp:98:6:void Controller::SendState()	16	static
../src/communicationCenter/handlers/Control.cpp:267:17:COMMAND_SUCCESS Controller::handleRecievedState(Buffer&)	16	static
../src/communicationCenter/handlers/Control.cpp:281:6:void Controller::sendAckNack(CONTROL_OPCODE, COMMAND_SUCCESS)	16	static
../src/communicationCenter/handlers/Control.cpp:289:6:void Controller::handleGetPDUInfo(Buffer&)	16	static
../src/communicationCenter/handlers/Control.cpp:301:17:COMMAND_SUCCESS Controller::handleSetDebug()	24	static
../src/communicationCenter/handlers/Control.cpp:335:17:COMMAND_SUCCESS Controller::handleErase()	40	static
../src/communicationCenter/handlers/Control.cpp:165:9:uint8_t Controller::readBuffer()	32	static
../src/communicationCenter/handlers/Control.cpp:351:6:void Controller::closeSocket()	8	static
../src/communicationCenter/handlers/Control.cpp:360:6:bool Controller::isClosed() const	8	static
../src/communicationCenter/handlers/Control.cpp:113:6:void Controller::periodicCall()	16	static
