../src/communicationCenter/ethernet/arp.cpp:26:1:ArpEntry::ArpEntry()	8	static
../src/communicationCenter/ethernet/arp.cpp:35:6:bool operator==(const ArpEntry&, uint32_t)	0	static
../src/communicationCenter/ethernet/arp.cpp:86:9:int32_t ArpEntry::getThisLeaseTime() const	8	static
../src/communicationCenter/ethernet/arp.cpp:99:1:Arp::Arp()	48	static
../src/communicationCenter/ethernet/arp.cpp:218:6:void Arp::periodicCall()	0	static
../src/communicationCenter/ethernet/arp.cpp:226:5:int Arp::getNextFreeEntry()	24	static
../src/communicationCenter/ethernet/arp.cpp:251:5:static int Arp::sendArpMessage(uint32_t, const MACAddr&, bool)	48	static
../src/communicationCenter/ethernet/arp.cpp:64:6:void ArpEntry::sendArpRequest()	16	static
../src/communicationCenter/ethernet/arp.cpp:45:6:void ArpEntry::refreshEntry(uint32_t, const MACAddr&)	16	static
../src/communicationCenter/ethernet/arp.cpp:110:6:void Arp::updateArpEntry(uint32_t, const MACAddr&)	16	static
../src/communicationCenter/ethernet/arp.cpp:132:16:const MACAddr& Arp::getMacAddr(uint32_t)	24	static
../src/communicationCenter/ethernet/arp.cpp:164:5:int Arp::handleArpFrame(InFrame&)	40	static
../src/communicationCenter/ethernet/arp.cpp:295:6:static void Arp::sendArpHelloMsg()	24	static
../src/communicationCenter/ethernet/arp.cpp:307:6:void sendArpGratuatiousMsg()	8	static
