../src/communicationCenter/ethernet/mac.cpp:25:1:MACAddr::MACAddr()	8	static
../src/communicationCenter/ethernet/mac.cpp:32:1:MACAddr::MACAddr(const MACAddr&)	0	static
../src/communicationCenter/ethernet/mac.cpp:39:1:MACAddr::MACAddr(const char*)	0	static
../src/communicationCenter/ethernet/mac.cpp:50:6:bool MACAddr::isEmpty() const	0	static
../src/communicationCenter/ethernet/mac.cpp:66:6:bool operator==(const MACAddr&, const MACAddr&)	4	static
../src/communicationCenter/ethernet/mac.cpp:74:6:bool operator!=(const MACAddr&, const MACAddr&)	4	static
../src/communicationCenter/ethernet/mac.cpp:82:13:const char* getMacAddr()	8	static
../src/communicationCenter/ethernet/mac.cpp:97:1:IPData::IPData()	0	static
../src/communicationCenter/ethernet/mac.cpp:107:6:void IPData::setData(uint32_t, uint32_t, uint32_t)	0	static
../src/communicationCenter/ethernet/mac.cpp:118:6:bool IPData::isSameSubnet(uint32_t) const	0	static
../src/communicationCenter/ethernet/mac.cpp:129:10:uint32_t IPData::getFirsthop(uint32_t) const	0	static
../src/communicationCenter/ethernet/mac.cpp:141:6:bool IPData::isGateway(uint32_t) const	0	static
../src/communicationCenter/ethernet/mac.cpp:152:6:bool IPData::equal(const IPData&) const	0	static
../src/communicationCenter/ethernet/mac.cpp:170:6:bool operator==(const IPData&, const IPData&)	8	static
