../src/communicationCenter/ethernet/messageQueue.c:32:6:incAndSetRxIndex	16	static
../src/communicationCenter/ethernet/messageQueue.c:45:6:initBuffer	40	static
../src/communicationCenter/ethernet/messageQueue.c:72:6:initInBuffer	24	static
../src/communicationCenter/ethernet/messageQueue.c:86:6:initOutBuffer	24	static
../src/communicationCenter/ethernet/messageQueue.c:103:14:getNextRxPacketIndex	24	static
../src/communicationCenter/ethernet/messageQueue.c:149:5:handleIncomingPackets	16	static
../src/communicationCenter/ethernet/messageQueue.c:167:5:handleIncomingPacket	40	static
../src/communicationCenter/ethernet/messageQueue.c:215:5:initializeTransmitBuffers	16	static
../src/communicationCenter/ethernet/messageQueue.c:231:5:initializeReceiveBuffers	16	static
../src/communicationCenter/ethernet/messageQueue.c:249:7:getFreeOutPacket	24	static
../src/communicationCenter/ethernet/messageQueue.c:266:13:ethernetSendPacket	4	static
../src/communicationCenter/ethernet/messageQueue.c:283:5:sendCurOutPacket	24	static
