../src/communicationCenter/ethernet/udpMessage.cpp:24:1:UDPHeaderData::UDPHeaderData(const unsigned char*, uint32_t, uint32_t, unsigned int)	16	static
../src/communicationCenter/ethernet/udpMessage.cpp:61:1:UDPHeaderData::UDPHeaderData(uint16_t, uint16_t)	0	static
../src/communicationCenter/ethernet/udpMessage.cpp:101:6:void OutUDPMsg::writeUDPHeader(const UDPHeaderData&)	16	static
../src/communicationCenter/ethernet/udpMessage.cpp:81:1:OutUDPMsg::OutUDPMsg(uint32_t, const UDPHeaderData&, CommunicationCenter&)	24	static
../src/communicationCenter/ethernet/udpMessage.cpp:120:5:int OutUDPMsg::resetMsg()	16	static
../src/communicationCenter/ethernet/udpMessage.cpp:149:5:int OutUDPMsg::appendData(const Buffer&, unsigned int)	8	static
../src/communicationCenter/ethernet/udpMessage.cpp:157:6:void OutUDPMsg::updateChecksum()	8	static
../src/communicationCenter/ethernet/udpMessage.cpp:136:5:int OutUDPMsg::sendMsg()	8	static
