Archive member included to satisfy reference by file (symbol)

C:/ST/STM32CubeIDE_1.16.0/STM32CubeIDE/plugins/com.st.stm32cube.ide.mcu.externaltools.gnu-tools-for-stm32.12.3.rel1.win32_1.0.200.202406191623/tools/bin/../lib/gcc/arm-none-eabi/12.3.1/../../../../arm-none-eabi/lib/thumb/v7-m/nofp\libstdc++_nano.a(new_op.o)
                              ./src/Hardware/CB.o (operator new(unsigned int))
C:/ST/STM32CubeIDE_1.16.0/STM32CubeIDE/plugins/com.st.stm32cube.ide.mcu.externaltools.gnu-tools-for-stm32.12.3.rel1.win32_1.0.200.202406191623/tools/bin/../lib/gcc/arm-none-eabi/12.3.1/../../../../arm-none-eabi/lib/thumb/v7-m/nofp\libstdc++_nano.a(new_handler.o)
                              C:/ST/STM32CubeIDE_1.16.0/STM32CubeIDE/plugins/com.st.stm32cube.ide.mcu.externaltools.gnu-tools-for-stm32.12.3.rel1.win32_1.0.200.202406191623/tools/bin/../lib/gcc/arm-none-eabi/12.3.1/../../../../arm-none-eabi/lib/thumb/v7-m/nofp\libstdc++_nano.a(new_op.o) (std::get_new_handler())
C:/ST/STM32CubeIDE_1.16.0/STM32CubeIDE/plugins/com.st.stm32cube.ide.mcu.externaltools.gnu-tools-for-stm32.12.3.rel1.win32_1.0.200.202406191623/tools/bin/../lib/gcc/arm-none-eabi/12.3.1/../../../../arm-none-eabi/lib/thumb/v7-m/nofp\libc_nano.a(libc_a-abort.o)
                              C:/ST/STM32CubeIDE_1.16.0/STM32CubeIDE/plugins/com.st.stm32cube.ide.mcu.externaltools.gnu-tools-for-stm32.12.3.rel1.win32_1.0.200.202406191623/tools/bin/../lib/gcc/arm-none-eabi/12.3.1/../../../../arm-none-eabi/lib/thumb/v7-m/nofp\libstdc++_nano.a(new_op.o) (abort)
C:/ST/STM32CubeIDE_1.16.0/STM32CubeIDE/plugins/com.st.stm32cube.ide.mcu.externaltools.gnu-tools-for-stm32.12.3.rel1.win32_1.0.200.202406191623/tools/bin/../lib/gcc/arm-none-eabi/12.3.1/../../../../arm-none-eabi/lib/thumb/v7-m/nofp\libc_nano.a(libc_a-exit.o)
                              C:/ST/STM32CubeIDE_1.16.0/STM32CubeIDE/plugins/com.st.stm32cube.ide.mcu.externaltools.gnu-tools-for-stm32.12.3.rel1.win32_1.0.200.202406191623/tools/bin/../lib/gcc/arm-none-eabi/12.3.1/../../../../arm-none-eabi/lib/thumb/v7-m/nofp/crt0.o (exit)
C:/ST/STM32CubeIDE_1.16.0/STM32CubeIDE/plugins/com.st.stm32cube.ide.mcu.externaltools.gnu-tools-for-stm32.12.3.rel1.win32_1.0.200.202406191623/tools/bin/../lib/gcc/arm-none-eabi/12.3.1/../../../../arm-none-eabi/lib/thumb/v7-m/nofp\libc_nano.a(libc_a-malloc.o)
                              C:/ST/STM32CubeIDE_1.16.0/STM32CubeIDE/plugins/com.st.stm32cube.ide.mcu.externaltools.gnu-tools-for-stm32.12.3.rel1.win32_1.0.200.202406191623/tools/bin/../lib/gcc/arm-none-eabi/12.3.1/../../../../arm-none-eabi/lib/thumb/v7-m/nofp\libstdc++_nano.a(new_op.o) (malloc)
C:/ST/STM32CubeIDE_1.16.0/STM32CubeIDE/plugins/com.st.stm32cube.ide.mcu.externaltools.gnu-tools-for-stm32.12.3.rel1.win32_1.0.200.202406191623/tools/bin/../lib/gcc/arm-none-eabi/12.3.1/../../../../arm-none-eabi/lib/thumb/v7-m/nofp\libc_nano.a(libc_a-mallocr.o)
                              C:/ST/STM32CubeIDE_1.16.0/STM32CubeIDE/plugins/com.st.stm32cube.ide.mcu.externaltools.gnu-tools-for-stm32.12.3.rel1.win32_1.0.200.202406191623/tools/bin/../lib/gcc/arm-none-eabi/12.3.1/../../../../arm-none-eabi/lib/thumb/v7-m/nofp\libc_nano.a(libc_a-malloc.o) (_malloc_r)
C:/ST/STM32CubeIDE_1.16.0/STM32CubeIDE/plugins/com.st.stm32cube.ide.mcu.externaltools.gnu-tools-for-stm32.12.3.rel1.win32_1.0.200.202406191623/tools/bin/../lib/gcc/arm-none-eabi/12.3.1/../../../../arm-none-eabi/lib/thumb/v7-m/nofp\libc_nano.a(libc_a-mlock.o)
                              C:/ST/STM32CubeIDE_1.16.0/STM32CubeIDE/plugins/com.st.stm32cube.ide.mcu.externaltools.gnu-tools-for-stm32.12.3.rel1.win32_1.0.200.202406191623/tools/bin/../lib/gcc/arm-none-eabi/12.3.1/../../../../arm-none-eabi/lib/thumb/v7-m/nofp\libc_nano.a(libc_a-mallocr.o) (__malloc_lock)
C:/ST/STM32CubeIDE_1.16.0/STM32CubeIDE/plugins/com.st.stm32cube.ide.mcu.externaltools.gnu-tools-for-stm32.12.3.rel1.win32_1.0.200.202406191623/tools/bin/../lib/gcc/arm-none-eabi/12.3.1/../../../../arm-none-eabi/lib/thumb/v7-m/nofp\libc_nano.a(libc_a-findfp.o)
                              C:/ST/STM32CubeIDE_1.16.0/STM32CubeIDE/plugins/com.st.stm32cube.ide.mcu.externaltools.gnu-tools-for-stm32.12.3.rel1.win32_1.0.200.202406191623/tools/bin/../lib/gcc/arm-none-eabi/12.3.1/../../../../arm-none-eabi/lib/thumb/v7-m/nofp\libc_nano.a(libc_a-exit.o) (__stdio_exit_handler)
C:/ST/STM32CubeIDE_1.16.0/STM32CubeIDE/plugins/com.st.stm32cube.ide.mcu.externaltools.gnu-tools-for-stm32.12.3.rel1.win32_1.0.200.202406191623/tools/bin/../lib/gcc/arm-none-eabi/12.3.1/../../../../arm-none-eabi/lib/thumb/v7-m/nofp\libc_nano.a(libc_a-fwalk.o)
                              C:/ST/STM32CubeIDE_1.16.0/STM32CubeIDE/plugins/com.st.stm32cube.ide.mcu.externaltools.gnu-tools-for-stm32.12.3.rel1.win32_1.0.200.202406191623/tools/bin/../lib/gcc/arm-none-eabi/12.3.1/../../../../arm-none-eabi/lib/thumb/v7-m/nofp\libc_nano.a(libc_a-findfp.o) (_fwalk_sglue)
[...]
Memory Configuration

Name             Origin             Length             Attributes
RAM              0x20000000         0x00010000         xrw
ISR              0x08000000         0x00000150         xr
FLASH            0x08002000         0x00010000         xr
*default*        0x00000000         0xffffffff

Linker script and memory map

LOAD C:/ST/STM32CubeIDE_1.16.0/STM32CubeIDE/plugins/com.st.stm32cube.ide.mcu.externaltools.gnu-tools-for-stm32.12.3.rel1.win32_1.0.200.202406191623/tools/bin/../lib/gcc/arm-none-eabi/12.3.1/thumb/v7-m/nofp/crti.o
LOAD C:/ST/STM32CubeIDE_1.16.0/STM32CubeIDE/plugins/com.st.stm32cube.ide.mcu.externaltools.gnu-tools-for-stm32.12.3.rel1.win32_1.0.200.202406191623/tools/bin/../lib/gcc/arm-none-eabi/12.3.1/thumb/v7-m/nofp/crtbegin.o
LOAD C:/ST/STM32CubeIDE_1.16.0/STM32CubeIDE/plugins/com.st.stm32cube.ide.mcu.externaltools.gnu-tools-for-stm32.12.3.rel1.win32_1.0.200.202406191623/tools/bin/../lib/gcc/arm-none-eabi/12.3.1/../../../../arm-none-eabi/lib/thumb/v7-m/nofp/crt0.o
LOAD ./Startup/startup_stm32f107vctx.o
LOAD ./src/Hardware/ADC.o
LOAD ./src/Hardware/CB.o
LOAD ./src/Hardware/GPIO.o
LOAD ./src/Hardware/Global.o
LOAD ./src/Hardware/HardwareCenter.o
LOAD ./src/Hardware/Macro.o
LOAD ./src/Hardware/Thermistor.o
LOAD ./src/Hardware/led.o
LOAD ./src/RTT/SEGGER_RTT.o
LOAD ./src/RTT/SEGGER_RTT_printf.o
LOAD ./src/communicationCenter/SlaveMasterComm.o
LOAD ./src/communicationCenter/communicationCenter.o
LOAD ./src/communicationCenter/buffers/bufferFlush.o
LOAD ./src/communicationCenter/buffers/buffers.o
LOAD ./src/communicationCenter/ethernet/Layer3.o
LOAD ./src/communicationCenter/ethernet/arp.o
LOAD ./src/communicationCenter/ethernet/ethernet_mgr.o
LOAD ./src/communicationCenter/ethernet/frame.o
LOAD ./src/communicationCenter/ethernet/ipFrame.o
LOAD ./src/communicationCenter/ethernet/ipLayer.o
LOAD ./src/communicationCenter/ethernet/mac.o
LOAD ./src/communicationCenter/ethernet/messageQueue.o
LOAD ./src/communicationCenter/ethernet/udpConnection.o
LOAD ./src/communicationCenter/ethernet/udpMessage.o
LOAD ./src/communicationCenter/handlers/Control.o
LOAD ./src/communicationCenter/handlers/DHCP.o
LOAD ./src/communicationCenter/handlers/swUpgrade/FTP.o
LOAD ./src/communicationCenter/handlers/swUpgrade/calcCRC.o
LOAD ./src/communicationCenter/handlers/swUpgrade/upgradeManager.o
LOAD ./src/general/genericClasses.o
LOAD ./src/general/placeHolder.o
LOAD ./src/general/timeAcc.o
LOAD ./src/main/main.o
LOAD ./src/main/systemManagement.o
LOAD ./src/main/systemObjects.o
LOAD ./src/persistentData/persistentData.o
LOAD ./src/persistentData/persistentObject.o
LOAD ./src/persistentData/persistentPlaceHolder.o
LOAD ./src/persistentData/persistentSystemData.o
LOAD ./src/persistentData/persistentSystemStats.o
LOAD ./src/stm32/I2C.o
LOAD ./src/stm32/SPI.o
LOAD ./src/stm32/macAddr.o
LOAD ./src/stm32/misc.o
LOAD ./src/stm32/stm32Clock.o
LOAD ./src/stm32/stm32Init.o
LOAD ./src/stm32/stm32Interface.o
LOAD ./src/stm32/stm32f10x_adc.o
LOAD ./src/stm32/stm32f10x_dma.o
LOAD ./src/stm32/stm32f10x_flash.o
LOAD ./src/stm32/stm32f10x_gpio.o
LOAD ./src/stm32/stm32f10x_i2c.o
LOAD ./src/stm32/stm32f10x_rcc.o
LOAD ./src/stm32/stm32f10x_spi.o
LOAD ./src/stm32/stm32f10x_tim.o
LOAD ./src/stm32/syscalls.o
LOAD ./src/stm32/system_stm32f10x.o
START GROUP
LOAD C:/ST/STM32CubeIDE_1.16.0/STM32CubeIDE/plugins/com.st.stm32cube.ide.mcu.externaltools.gnu-tools-for-stm32.12.3.rel1.win32_1.0.200.202406191623/tools/bin/../lib/gcc/arm-none-eabi/12.3.1/../../../../arm-none-eabi/lib/thumb/v7-m/nofp\libstdc++_nano.a
LOAD C:/ST/STM32CubeIDE_1.16.0/STM32CubeIDE/plugins/com.st.stm32cube.ide.mcu.externaltools.gnu-tools-for-stm32.12.3.rel1.win32_1.0.200.202406191623/tools/bin/../lib/gcc/arm-none-eabi/12.3.1/../../../../arm-none-eabi/lib/thumb/v7-m/nofp\libsupc++_nano.a
END GROUP
LOAD C:/ST/STM32CubeIDE_1.16.0/STM32CubeIDE/plugins/com.st.stm32cube.ide.mcu.externaltools.gnu-tools-for-stm32.12.3.rel1.win32_1.0.200.202406191623/tools/bin/../lib/gcc/arm-none-eabi/12.3.1/../../../../arm-none-eabi/lib/thumb/v7-m/nofp\libstdc++_nano.a
LOAD C:/ST/STM32CubeIDE_1.16.0/STM32CubeIDE/plugins/com.st.stm32cube.ide.mcu.externaltools.gnu-tools-for-stm32.12.3.rel1.win32_1.0.200.202406191623/tools/bin/../lib/gcc/arm-none-eabi/12.3.1/../../../../arm-none-eabi/lib/thumb/v7-m/nofp\libm.a
LOAD C:/ST/STM32CubeIDE_1.16.0/STM32CubeIDE/plugins/com.st.stm32cube.ide.mcu.externaltools.gnu-tools-for-stm32.12.3.rel1.win32_1.0.200.202406191623/tools/bin/../lib/gcc/arm-none-eabi/12.3.1/../../../../arm-none-eabi/lib/thumb/v7-m/nofp\libc_nano.a
START GROUP
LOAD C:/ST/STM32CubeIDE_1.16.0/STM32CubeIDE/plugins/com.st.stm32cube.ide.mcu.externaltools.gnu-tools-for-stm32.12.3.rel1.win32_1.0.200.202406191623/tools/bin/../lib/gcc/arm-none-eabi/12.3.1/thumb/v7-m/nofp\libgcc.a
LOAD C:/ST/STM32CubeIDE_1.16.0/STM32CubeIDE/plugins/com.st.stm32cube.ide.mcu.externaltools.gnu-tools-for-stm32.12.3.rel1.win32_1.0.200.202406191623/tools/bin/../lib/gcc/arm-none-eabi/12.3.1/../../../../arm-none-eabi/lib/thumb/v7-m/nofp\libc_nano.a
END GROUP
START GROUP
LOAD C:/ST/STM32CubeIDE_1.16.0/STM32CubeIDE/plugins/com.st.stm32cube.ide.mcu.externaltools.gnu-tools-for-stm32.12.3.rel1.win32_1.0.200.202406191623/tools/bin/../lib/gcc/arm-none-eabi/12.3.1/thumb/v7-m/nofp\libgcc.a
LOAD C:/ST/STM32CubeIDE_1.16.0/STM32CubeIDE/plugins/com.st.stm32cube.ide.mcu.externaltools.gnu-tools-for-stm32.12.3.rel1.win32_1.0.200.202406191623/tools/bin/../lib/gcc/arm-none-eabi/12.3.1/../../../../arm-none-eabi/lib/thumb/v7-m/nofp\libc_nano.a
LOAD C:/ST/STM32CubeIDE_1.16.0/STM32CubeIDE/plugins/com.st.stm32cube.ide.mcu.externaltools.gnu-tools-for-stm32.12.3.rel1.win32_1.0.200.202406191623/tools/bin/../lib/gcc/arm-none-eabi/12.3.1/../../../../arm-none-eabi/lib/thumb/v7-m/nofp\libnosys.a
END GROUP
START GROUP
LOAD C:/ST/STM32CubeIDE_1.16.0/STM32CubeIDE/plugins/com.st.stm32cube.ide.mcu.externaltools.gnu-tools-for-stm32.12.3.rel1.win32_1.0.200.202406191623/tools/bin/../lib/gcc/arm-none-eabi/12.3.1/thumb/v7-m/nofp\libgcc.a
LOAD C:/ST/STM32CubeIDE_1.16.0/STM32CubeIDE/plugins/com.st.stm32cube.ide.mcu.externaltools.gnu-tools-for-stm32.12.3.rel1.win32_1.0.200.202406191623/tools/bin/../lib/gcc/arm-none-eabi/12.3.1/../../../../arm-none-eabi/lib/thumb/v7-m/nofp\libc_nano.a
LOAD C:/ST/STM32CubeIDE_1.16.0/STM32CubeIDE/plugins/com.st.stm32cube.ide.mcu.externaltools.gnu-tools-for-stm32.12.3.rel1.win32_1.0.200.202406191623/tools/bin/../lib/gcc/arm-none-eabi/12.3.1/../../../../arm-none-eabi/lib/thumb/v7-m/nofp\libnosys.a
END GROUP
LOAD C:/ST/STM32CubeIDE_1.16.0/STM32CubeIDE/plugins/com.st.stm32cube.ide.mcu.externaltools.gnu-tools-for-stm32.12.3.rel1.win32_1.0.200.202406191623/tools/bin/../lib/gcc/arm-none-eabi/12.3.1/thumb/v7-m/nofp/crtend.o
LOAD C:/ST/STM32CubeIDE_1.16.0/STM32CubeIDE/plugins/com.st.stm32cube.ide.mcu.externaltools.gnu-tools-for-stm32.12.3.rel1.win32_1.0.200.202406191623/tools/bin/../lib/gcc/arm-none-eabi/12.3.1/thumb/v7-m/nofp/crtn.o
                0x20010000                        _estack = (ORIGIN (RAM) + LENGTH (RAM))
                0x00000200                        _Min_Heap_Size = 0x200
                0x00000400                        _Min_Stack_Size = 0x400

.isr_vector     0x08002000      0x150
                0x08002000                        . = ALIGN (0x4)
 *(.isr_vector)
 .isr_vector    0x08002000      0x150 ./Startup/startup_stm32f107vctx.o
                0x08002000                g_pfnVectors
                0x08002150                        . = ALIGN (0x4)

.magic_const    0x08002150       0x14
                0x08002150                        . = ALIGN (0x4)
 *(.magic_const)
 .magic_const   0x08002150       0x14 ./src/persistentData/persistentPlaceHolder.o
                0x08002150                MagicNum
                0x08002164                        . = ALIGN (0x4)

.text           0x08002164     0xa0ec
                0x08002164                        . = ALIGN (0x4)
 *(.text)
 .text          0x08002164       0x40 C:/ST/STM32CubeIDE_1.16.0/STM32CubeIDE/plugins/com.st.stm32cube.ide.mcu.externaltools.gnu-tools-for-stm32.12.3.rel1.win32_1.0.200.202406191623/tools/bin/../lib/gcc/arm-none-eabi/12.3.1/thumb/v7-m/nofp/crtbegin.o
 .text          0x080021a4       0x14 C:/ST/STM32CubeIDE_1.16.0/STM32CubeIDE/plugins/com.st.stm32cube.ide.mcu.externaltools.gnu-tools-for-stm32.12.3.rel1.win32_1.0.200.202406191623/tools/bin/../lib/gcc/arm-none-eabi/12.3.1/../../../../arm-none-eabi/lib/thumb/v7-m/nofp\libc_nano.a(libc_a-strcmp.o)
                0x080021a4                strcmp
 .text          0x080021b8       0x10 C:/ST/STM32CubeIDE_1.16.0/STM32CubeIDE/plugins/com.st.stm32cube.ide.mcu.externaltools.gnu-tools-for-stm32.12.3.rel1.win32_1.0.200.202406191623/tools/bin/../lib/gcc/arm-none-eabi/12.3.1/../../../../arm-none-eabi/lib/thumb/v7-m/nofp\libc_nano.a(libc_a-strlen.o)
                0x080021b8                strlen
 .text          0x080021c8      0x378 C:/ST/STM32CubeIDE_1.16.0/STM32CubeIDE/plugins/com.st.stm32cube.ide.mcu.externaltools.gnu-tools-for-stm32.12.3.rel1.win32_1.0.200.202406191623/tools/bin/../lib/gcc/arm-none-eabi/12.3.1/thumb/v7-m/nofp\libgcc.a(_arm_addsubdf3.o)
                0x080021c8                __aeabi_drsub
                0x080021d0                __aeabi_dsub
                0x080021d0                __subdf3
                0x080021d4                __aeabi_dadd
                0x080021d4                __adddf3
                0x0800244c                __floatunsidf
                0x0800244c                __aeabi_ui2d
                0x0800246c                __floatsidf
                0x0800246c                __aeabi_i2d
                0x08002490                __aeabi_f2d
                0x08002490                __extendsfdf2
                0x080024d4                __floatundidf
                0x080024d4                __aeabi_ul2d
                0x080024e4                __floatdidf
                0x080024e4                __aeabi_l2d
 .text          0x08002540      0x424 C:/ST/STM32CubeIDE_1.16.0/STM32CubeIDE/plugins/com.st.stm32cube.ide.mcu.externaltools.gnu-tools-for-stm32.12.3.rel1.win32_1.0.200.202406191623/tools/bin/../lib/gcc/arm-none-eabi/12.3.1/thumb/v7-m/nofp\libgcc.a(_arm_muldivdf3.o)
                0x08002540                __aeabi_dmul
                0x08002540                __muldf3
                0x08002794                __divdf3
                0x08002794                __aeabi_ddiv
 .text          0x08002964       0x50 C:/ST/STM32CubeIDE_1.16.0/STM32CubeIDE/plugins/com.st.stm32cube.ide.mcu.externaltools.gnu-tools-for-stm32.12.3.rel1.win32_1.0.200.202406191623/tools/bin/../lib/gcc/arm-none-eabi/12.3.1/thumb/v7-m/nofp\libgcc.a(_arm_fixdfsi.o)
                0x08002964                __aeabi_d2iz
                0x08002964                __fixdfsi
 *(.text*)
 .text.Reset_Handler
                0x080029b4       0x48 ./Startup/startup_stm32f107vctx.o
                0x080029b4                WWDG_IRQHandler
                0x080029b4                Reset_Handler
 .text.Default_Handler
                0x080029fc        0x2 ./Startup/startup_stm32f107vctx.o
                0x080029fc                RTC_Alarm_IRQHandler
                0x080029fc                EXTI2_IRQHandler
                0x080029fc                DebugMon_Handler
                0x080029fc                TIM1_CC_IRQHandler
                0x080029fc                HardFault_Handler
                0x080029fc                TIM6_IRQHandler
                0x080029fc                PVD_IRQHandler
                0x080029fc                PendSV_Handler
                0x080029fc                NMI_Handler
                0x080029fc                CAN2_RX1_IRQHandler
                0x080029fc                EXTI3_IRQHandler
                0x080029fc                EXTI0_IRQHandler
                0x080029fc                I2C2_EV_IRQHandler
                0x080029fc                CAN1_RX0_IRQHandler
                0x080029fc                UsageFault_Handler
                0x080029fc                CAN2_SCE_IRQHandler
                0x080029fc                ADC1_2_IRQHandler
                0x080029fc                SPI1_IRQHandler
                0x080029fc                TAMPER_IRQHandler
                0x080029fc                CAN2_RX0_IRQHandler
                0x080029fc                DMA2_Channel2_IRQHandler
                0x080029fc                DMA1_Channel4_IRQHandler
                0x080029fc                USART3_IRQHandler
                0x080029fc                RTC_IRQHandler
                0x080029fc                DMA1_Channel7_IRQHandler
                0x080029fc                CAN1_RX1_IRQHandler
                0x080029fc                UART5_IRQHandler
                0x080029fc                TIM4_IRQHandler
                0x080029fc                DMA2_Channel1_IRQHandler
                0x080029fc                DMA1_Channel6_IRQHandler
                0x080029fc                UART4_IRQHandler
                0x080029fc                DMA2_Channel4_IRQHandler
                0x080029fc                TIM3_IRQHandler
                0x080029fc                RCC_IRQHandler
                0x080029fc                TIM1_TRG_COM_IRQHandler
                0x080029fc                DMA1_Channel1_IRQHandler
                0x080029fc                Default_Handler
                0x080029fc                EXTI15_10_IRQHandler
                0x080029fc                TIM7_IRQHandler
                0x080029fc                CAN2_TX_IRQHandler
                0x080029fc                TIM5_IRQHandler
                0x080029fc                EXTI9_5_IRQHandler
                0x080029fc                SPI2_IRQHandler
                0x080029fc                MemManage_Handler
                0x080029fc                CAN1_TX_IRQHandler
                0x080029fc                SVC_Handler
                0x080029fc                DMA2_Channel5_IRQHandler
                0x080029fc                DMA1_Channel5_IRQHandler
                0x080029fc                EXTI4_IRQHandler
                0x080029fc                ETH_IRQHandler
                0x080029fc                TIM1_UP_IRQHandler
                0x080029fc                TIM2_IRQHandler
                0x080029fc                OTG_FS_WKUP_IRQHandler
                0x080029fc                TIM1_BRK_IRQHandler
                0x080029fc                EXTI1_IRQHandler
                0x080029fc                USART2_IRQHandler
                0x080029fc                I2C2_ER_IRQHandler
                0x080029fc                CAN1_SCE_IRQHandler
                0x080029fc                FLASH_IRQHandler
                0x080029fc                BusFault_Handler
                0x080029fc                USART1_IRQHandler
                0x080029fc                OTG_FS_IRQHandler
                0x080029fc                SPI3_IRQHandler
                0x080029fc                DMA2_Channel3_IRQHandler
 *fill*         0x080029fe        0x2 
 .text._ZN7ADC_DRV9GPIO_INITEv
                0x08002a00       0x3c ./src/Hardware/ADC.o
                0x08002a00                ADC_DRV::GPIO_INIT()
 .text._ZN7ADC_DRV4InitEv
                0x08002a3c      0x10c ./src/Hardware/ADC.o
                0x08002a3c                ADC_DRV::Init()
 .text._ZN7ADC_DRVC2Ev
                0x08002b48       0x12 ./src/Hardware/ADC.o
                0x08002b48                ADC_DRV::ADC_DRV()
                0x08002b48                ADC_DRV::ADC_DRV()
 *fill*         0x08002b5a        0x2 
 .text._ZN7ADC_DRV27Get_ADC_Specific_Input_DataE15ADC_Inputs_Enum
                0x08002b5c       0x40 ./src/Hardware/ADC.o
                0x08002b5c                ADC_DRV::Get_ADC_Specific_Input_Data(ADC_Inputs_Enum)
 .text._ZN6CB_Int13reorderGroupsEh
                0x08002b9c       0x7c ./src/Hardware/CB.o
                0x08002b9c                CB_Int::reorderGroups(unsigned char)
 .text._ZN6CB_Int22firstAndLastPosOfGroupEhPhS0_
                0x08002c18       0x44 ./src/Hardware/CB.o
                0x08002c18                CB_Int::firstAndLastPosOfGroup(unsigned char, unsigned char*, unsigned char*)
 .text._ZN6CB_Int6SelectEh
                0x08002c5c       0x40 ./src/Hardware/CB.o
                0x08002c5c                CB_Int::Select(unsigned char)
 .text._ZN6CB_Int12SelectOutputEh
                0x08002c9c       0x60 ./src/Hardware/CB.o
                0x08002c9c                CB_Int::SelectOutput(unsigned char)
 .text._ZN6CB_Int20getGroupOfSpecificCBEh
                0x08002cfc       0x10 ./src/Hardware/CB.o
                0x08002cfc                CB_Int::getGroupOfSpecificCB(unsigned char)
 .text._ZN6CB_Int22HandleGetStatusSWStateEv
                0x08002d0c       0x24 ./src/Hardware/CB.o
                0x08002d0c                CB_Int::HandleGetStatusSWState()
 .text._ZN6CB_Int20HandleGetStatusSWCmdEv
                0x08002d30       0x24 ./src/Hardware/CB.o
                0x08002d30                CB_Int::HandleGetStatusSWCmd()
 .text._ZN6CB_Int23HandleGetStatusTripStatEPh
                0x08002d54       0x64 ./src/Hardware/CB.o
                0x08002d54                CB_Int::HandleGetStatusTripStat(unsigned char*)
 .text._ZN6CB_Int22HandleGetStatusBtlModeEv
                0x08002db8       0x5c ./src/Hardware/CB.o
                0x08002db8                CB_Int::HandleGetStatusBtlMode()
 .text._ZN6CB_Int22HandleGetStatusOutVoltEPs
                0x08002e14       0x1c ./src/Hardware/CB.o
                0x08002e14                CB_Int::HandleGetStatusOutVolt(short*)
 .text._ZN6CB_Int22HandleGetStatusOutCurrEPs
                0x08002e30       0x1c ./src/Hardware/CB.o
                0x08002e30                CB_Int::HandleGetStatusOutCurr(short*)
 .text._ZN6CB_Int21HandleSetSingleOutputE7CB_En_t
                0x08002e4c       0x1c ./src/Hardware/CB.o
                0x08002e4c                CB_Int::HandleSetSingleOutput(CB_En_t)
 .text._ZN6CB_Int12ToggelOutputEv
                0x08002e68       0x28 ./src/Hardware/CB.o
                0x08002e68                CB_Int::ToggelOutput()
 .text._ZN6CB_Int20HandleSetGroupOutputE7CB_En_t
                0x08002e90       0x98 ./src/Hardware/CB.o
                0x08002e90                CB_Int::HandleSetGroupOutput(CB_En_t)
 .text._ZN6CB_Int21HandleSingleTripResetEv
                0x08002f28       0x2c ./src/Hardware/CB.o
                0x08002f28                CB_Int::HandleSingleTripReset()
 .text._ZN6CB_Int20HandleGroupTripResetEv
                0x08002f54       0x30 ./src/Hardware/CB.o
                0x08002f54                CB_Int::HandleGroupTripReset()
 .text._ZN6CB_Int21HandleSetSingleBattleEh
                0x08002f84       0x1c ./src/Hardware/CB.o
                0x08002f84                CB_Int::HandleSetSingleBattle(unsigned char)
 .text._ZN6CB_Int20HandleSetGroupBattleEh
                0x08002fa0       0x24 ./src/Hardware/CB.o
                0x08002fa0                CB_Int::HandleSetGroupBattle(unsigned char)
 .text._ZN6CB_Int23Update_CB_ConfigurationEPK12Raw_Config_t
                0x08002fc4       0x94 ./src/Hardware/CB.o
                0x08002fc4                CB_Int::Update_CB_Configuration(Raw_Config_t const*)
 .text._ZN6CB_Int6ReInitEv
                0x08003058       0x34 ./src/Hardware/CB.o
                0x08003058                CB_Int::ReInit()
 .text._ZN6CB_Int5WriteEhPKvh
                0x0800308c       0xa0 ./src/Hardware/CB.o
                0x0800308c                CB_Int::Write(unsigned char, void const*, unsigned char)
 .text._ZN6CB_Int12Config_WriteEPK11CB_Config_t
                0x0800312c        0xe ./src/Hardware/CB.o
                0x0800312c                CB_Int::Config_Write(CB_Config_t const*)
 .text._ZN6CB_Int13Control_WriteEPK12CB_Control_t
                0x0800313a        0xe ./src/Hardware/CB.o
                0x0800313a                CB_Int::Control_Write(CB_Control_t const*)
 .text._ZN6CB_Int19Full_Status_RequestEv
                0x08003148       0x98 ./src/Hardware/CB.o
                0x08003148                CB_Int::Full_Status_Request()
 .text._ZNK6CB_Int16Full_Status_ReadEP16CB_Full_Status_t
                0x080031e0       0x80 ./src/Hardware/CB.o
                0x080031e0                CB_Int::Full_Status_Read(CB_Full_Status_t*) const
 .text._ZN6CB_Int12periodicCallEtt
                0x08003260      0x638 ./src/Hardware/CB.o
                0x08003260                CB_Int::periodicCall(unsigned short, unsigned short)
 .text._ZN6CB_Int9GPIO_INITEv
                0x08003898       0x50 ./src/Hardware/CB.o
                0x08003898                CB_Int::GPIO_INIT()
 .text._ZN6CB_Int4InitEv
                0x080038e8       0x98 ./src/Hardware/CB.o
                0x080038e8                CB_Int::Init()
 .text._ZN6CB_Int5PowerE15FunctionalState
                0x08003980       0x2c ./src/Hardware/CB.o
                0x08003980                CB_Int::Power(FunctionalState)
 .text._ZN6CB_Int12shutdown_CBsE15FunctionalState
                0x080039ac       0xa8 ./src/Hardware/CB.o
                0x080039ac                CB_Int::shutdown_CBs(FunctionalState)
 .text._ZN6CB_Int9GetOnTimeEv
                0x08003a54       0x34 ./src/Hardware/CB.o
                0x08003a54                CB_Int::GetOnTime()
 .text._ZN6CB_Int14GetGroupOnTimeEv
                0x08003a88       0x40 ./src/Hardware/CB.o
                0x08003a88                CB_Int::GetGroupOnTime()
 .text._ZN6CB_Int18Get_CB_TemperatureEv
                0x08003ac8       0x18 ./src/Hardware/CB.o
                0x08003ac8                CB_Int::Get_CB_Temperature()
 .text._ZN4GPIOC2Ev
                0x08003ae0      0x13c ./src/Hardware/GPIO.o
                0x08003ae0                GPIO::GPIO()
                0x08003ae0                GPIO::GPIO()
 .text._ZN4GPIO12periodicCallEv
                0x08003c1c      0x208 ./src/Hardware/GPIO.o
                0x08003c1c                GPIO::periodicCall()
 .text._ZN4GPIO8IsRemoteEv
                0x08003e24       0x24 ./src/Hardware/GPIO.o
                0x08003e24                GPIO::IsRemote()
 .text._ZN4GPIO10Get_StatusER8Dig_IO_t
                0x08003e48      0x130 ./src/Hardware/GPIO.o
                0x08003e48                GPIO::Get_Status(Dig_IO_t&)
 .text._ZN4GPIO15GetAddressFirstEv
                0x08003f78       0x54 ./src/Hardware/GPIO.o
                0x08003f78                GPIO::GetAddressFirst()
 .text._ZN4GPIO15Get_GPIO_InputsEP11GPIO_Inputs
                0x08003fcc       0x3a ./src/Hardware/GPIO.o
                0x08003fcc                GPIO::Get_GPIO_Inputs(GPIO_Inputs*)
 *fill*         0x08004006        0x2 
 .text._ZN4GPIO7Set_GPOEhh
                0x08004008       0x50 ./src/Hardware/GPIO.o
                0x08004008                GPIO::Set_GPO(unsigned char, unsigned char)
 .text._ZN4GPIO8SetFaultE15FunctionalState
                0x08004058       0x20 ./src/Hardware/GPIO.o
                0x08004058                GPIO::SetFault(FunctionalState)
 .text._ZN14HardwareCenterC2Ev
                0x08004078       0x98 ./src/Hardware/HardwareCenter.o
                0x08004078                HardwareCenter::HardwareCenter()
                0x08004078                HardwareCenter::HardwareCenter()
 .text._ZN14HardwareCenter12GetStatusEXTER12Status_EXT_T
                0x08004110       0x90 ./src/Hardware/HardwareCenter.o
                0x08004110                HardwareCenter::GetStatusEXT(Status_EXT_T&)
 .text._ZN14HardwareCenter9GetStatusER12Status_Msg_T
                0x080041a0      0x20e ./src/Hardware/HardwareCenter.o
                0x080041a0                HardwareCenter::GetStatus(Status_Msg_T&)
 *fill*         0x080043ae        0x2 
 .text._ZN14HardwareCenter12periodicCallEv
                0x080043b0      0x328 ./src/Hardware/HardwareCenter.o
                0x080043b0                HardwareCenter::periodicCall()
 .text._ZNK14HardwareCenter8GetAlertEv
                0x080046d8       0x18 ./src/Hardware/HardwareCenter.o
                0x080046d8                HardwareCenter::GetAlert() const
 .text._ZN14HardwareCenter15AlertAcknoledgeEv
                0x080046f0       0x14 ./src/Hardware/HardwareCenter.o
                0x080046f0                HardwareCenter::AlertAcknoledge()
 .text._ZN14HardwareCenter12handleSetGPOER6Buffer
                0x08004704       0x36 ./src/Hardware/HardwareCenter.o
                0x08004704                HardwareCenter::handleSetGPO(Buffer&)
 .text._ZN14HardwareCenter17handelGetOutsTempER6Buffer
                0x0800473a       0x20 ./src/Hardware/HardwareCenter.o
                0x0800473a                HardwareCenter::handelGetOutsTemp(Buffer&)
 .text._ZN14HardwareCenter13SetMacroDelayEt
                0x0800475a       0x12 ./src/Hardware/HardwareCenter.o
                0x0800475a                HardwareCenter::SetMacroDelay(unsigned short)
 .text._Z12DelayWrapperPKh
                0x0800476c       0x30 ./src/Hardware/HardwareCenter.o
                0x0800476c                DelayWrapper(unsigned char const*)
 .text._Z13GPOSetWrapperPKh
                0x0800479c       0x50 ./src/Hardware/HardwareCenter.o
                0x0800479c                GPOSetWrapper(unsigned char const*)
 .text._Z15GPOClearWrapperPKh
                0x080047ec       0x50 ./src/Hardware/HardwareCenter.o
                0x080047ec                GPOClearWrapper(unsigned char const*)
 .text._Z16SendStateWrapperPKh
                0x0800483c       0x1c ./src/Hardware/HardwareCenter.o
                0x0800483c                SendStateWrapper(unsigned char const*)
 .text._ZN14HardwareCenter19IsValidOutputNumberEh
                0x08004858       0x1c ./src/Hardware/HardwareCenter.o
                0x08004858                HardwareCenter::IsValidOutputNumber(unsigned char)
 .text._ZN14HardwareCenter15handleSetOutputEhh
                0x08004874       0x40 ./src/Hardware/HardwareCenter.o
                0x08004874                HardwareCenter::handleSetOutput(unsigned char, unsigned char)
 .text._ZN14HardwareCenter15handleSetOutputER6Buffer
                0x080048b4       0x34 ./src/Hardware/HardwareCenter.o
                0x080048b4                HardwareCenter::handleSetOutput(Buffer&)
 .text._Z15OutputOnWrapperPKh
                0x080048e8       0x50 ./src/Hardware/HardwareCenter.o
                0x080048e8                OutputOnWrapper(unsigned char const*)
 .text._Z16OutputOffWrapperPKh
                0x08004938       0x50 ./src/Hardware/HardwareCenter.o
                0x08004938                OutputOffWrapper(unsigned char const*)
 .text._ZN14HardwareCenter15handleSetBattleER6Buffer
                0x08004988       0x5c ./src/Hardware/HardwareCenter.o
                0x08004988                HardwareCenter::handleSetBattle(Buffer&)
 .text._ZN14HardwareCenter14handleTripRestER6Buffer
                0x080049e4       0x4e ./src/Hardware/HardwareCenter.o
                0x080049e4                HardwareCenter::handleTripRest(Buffer&)
 .text._ZN7Macro_OC2Ev
                0x08004a32       0x18 ./src/Hardware/Macro.o
                0x08004a32                Macro_O::Macro_O()
                0x08004a32                Macro_O::Macro_O()
 *fill*         0x08004a4a        0x2 
 .text._ZN7Macro_O5StartE9MacroTypeh
                0x08004a4c       0x7c ./src/Hardware/Macro.o
                0x08004a4c                Macro_O::Start(MacroType, unsigned char)
 .text._ZN7Macro_O12periodicCallEv
                0x08004ac8       0x7c ./src/Hardware/Macro.o
                0x08004ac8                Macro_O::periodicCall()
 .text._ZN10Thermistor6FormatEt
                0x08004b44       0xa4 ./src/Hardware/Thermistor.o
                0x08004b44                Thermistor::Format(unsigned short)
 .text._ZN15SlaveMasterCommC2Ev
                0x08004be8       0x24 ./src/communicationCenter/SlaveMasterComm.o
                0x08004be8                SlaveMasterComm::SlaveMasterComm()
                0x08004be8                SlaveMasterComm::SlaveMasterComm()
 .text._ZN15SlaveMasterComm14xfetIoDataWaitEPvS0_
                0x08004c0c       0x34 ./src/communicationCenter/SlaveMasterComm.o
                0x08004c0c                SlaveMasterComm::xfetIoDataWait(void*, void*)
 .text._ZN19CommunicationCenterC2Ev
                0x08004c40       0x5c ./src/communicationCenter/communicationCenter.o
                0x08004c40                CommunicationCenter::CommunicationCenter()
                0x08004c40                CommunicationCenter::CommunicationCenter()
 .text._ZN19CommunicationCenter10openCenterEv
                0x08004c9c       0x40 ./src/communicationCenter/communicationCenter.o
                0x08004c9c                CommunicationCenter::openCenter()
 .text._ZN19CommunicationCenter12periodicCallEi
                0x08004cdc       0x40 ./src/communicationCenter/communicationCenter.o
                0x08004cdc                CommunicationCenter::periodicCall(int)
 .text._ZN19CommunicationCenter17handleLeyer2FrameER7InFrame
                0x08004d1c        0xa ./src/communicationCenter/communicationCenter.o
                0x08004d1c                CommunicationCenter::handleLeyer2Frame(InFrame&)
 .text._ZN19CommunicationCenter10getMacAddrEm
                0x08004d26        0xa ./src/communicationCenter/communicationCenter.o
                0x08004d26                CommunicationCenter::getMacAddr(unsigned long)
 .text._ZNK19CommunicationCenter12allAreClosedEv
                0x08004d30        0xc ./src/communicationCenter/communicationCenter.o
                0x08004d30                CommunicationCenter::allAreClosed() const
 .text._ZN19CommunicationCenter11closeCenterEv
                0x08004d3c        0xc ./src/communicationCenter/communicationCenter.o
                0x08004d3c                CommunicationCenter::closeCenter()
 .text._ZN19CommunicationCenter13getUpgradeManEv
                0x08004d48        0x6 ./src/communicationCenter/communicationCenter.o
                0x08004d48                CommunicationCenter::getUpgradeMan()
 .text._ZN19BidirectionalBuffer14advanceReadTopEv
                0x08004d4e        0xa ./src/communicationCenter/buffers/buffers.o
                0x08004d4e                BidirectionalBuffer::advanceReadTop()
 .text._ZN6BufferC2EPcb
                0x08004d58        0xa ./src/communicationCenter/buffers/buffers.o
                0x08004d58                Buffer::Buffer(char*, bool)
                0x08004d58                Buffer::Buffer(char*, bool)
 *fill*         0x08004d62        0x2 
 .text._ZN19BidirectionalBufferC2E12TCPPortTypes
                0x08004d64       0x80 ./src/communicationCenter/buffers/buffers.o
                0x08004d64                BidirectionalBuffer::BidirectionalBuffer(TCPPortTypes)
                0x08004d64                BidirectionalBuffer::BidirectionalBuffer(TCPPortTypes)
 .text._ZNK6Buffer11getFreeSizeEv
                0x08004de4       0x1c ./src/communicationCenter/buffers/buffers.o
                0x08004de4                Buffer::getFreeSize() const
 .text._ZNK6Buffer13getUnreadSizeEv
                0x08004e00       0x1a ./src/communicationCenter/buffers/buffers.o
                0x08004e00                Buffer::getUnreadSize() const
 .text._ZNK6Buffer11getDataSizeEv
                0x08004e1a       0x1a ./src/communicationCenter/buffers/buffers.o
                0x08004e1a                Buffer::getDataSize() const
 .text._ZN6Buffer14writeLargeCharEc
                0x08004e34       0x2a ./src/communicationCenter/buffers/buffers.o
                0x08004e34                Buffer::writeLargeChar(char)
 .text._ZN6Buffer9writeCharEc
                0x08004e5e       0x36 ./src/communicationCenter/buffers/buffers.o
                0x08004e5e                Buffer::writeChar(char)
 .text._ZN6Buffer10writeShortEt
                0x08004e94       0x16 ./src/communicationCenter/buffers/buffers.o
                0x08004e94                Buffer::writeShort(unsigned short)
 .text._ZN6Buffer10writeNCharEci
                0x08004eaa       0x46 ./src/communicationCenter/buffers/buffers.o
                0x08004eaa                Buffer::writeNChar(char, int)
 .text._ZN6Buffer13readSmallCharEv
                0x08004ef0       0x28 ./src/communicationCenter/buffers/buffers.o
                0x08004ef0                Buffer::readSmallChar()
 .text._ZN6Buffer8readCharEv
                0x08004f18       0x34 ./src/communicationCenter/buffers/buffers.o
                0x08004f18                Buffer::readChar()
 .text._ZN6Buffer9readShortEv
                0x08004f4c       0x2c ./src/communicationCenter/buffers/buffers.o
                0x08004f4c                Buffer::readShort()
 .text._ZN6Buffer10writeBlockEPKvj
                0x08004f78       0x9a ./src/communicationCenter/buffers/buffers.o
                0x08004f78                Buffer::writeBlock(void const*, unsigned int)
 .text._ZNK6Buffer9readBlockEPcjj
                0x08005012       0x9e ./src/communicationCenter/buffers/buffers.o
                0x08005012                Buffer::readBlock(char*, unsigned int, unsigned int) const
 .text._ZNK6Buffer9readBlockEPcj
                0x080050b0        0xc ./src/communicationCenter/buffers/buffers.o
                0x080050b0                Buffer::readBlock(char*, unsigned int) const
 .text._ZN6Buffer11advanceReadEj
                0x080050bc       0x44 ./src/communicationCenter/buffers/buffers.o
                0x080050bc                Buffer::advanceRead(unsigned int)
 .text._ZN6Buffer14advanceReadTopEv
                0x08005100        0x6 ./src/communicationCenter/buffers/buffers.o
                0x08005100                Buffer::advanceReadTop()
 .text._ZN6Buffer14advanceReadTopEj
                0x08005106       0x4c ./src/communicationCenter/buffers/buffers.o
                0x08005106                Buffer::advanceReadTop(unsigned int)
 .text._ZN16Layer3Connection16calcBaseChecksumEmmb
                0x08005152       0x38 ./src/communicationCenter/ethernet/Layer3.o
                0x08005152                Layer3Connection::calcBaseChecksum(unsigned long, unsigned long, bool)
 .text._ZN6Layer3C2ER19CommunicationCenter
                0x0800518a       0x1a ./src/communicationCenter/ethernet/Layer3.o
                0x0800518a                Layer3::Layer3(CommunicationCenter&)
                0x0800518a                Layer3::Layer3(CommunicationCenter&)
 .text._ZN6Layer314removeListenerEt
                0x080051a4       0x3c ./src/communicationCenter/ethernet/Layer3.o
                0x080051a4                Layer3::removeListener(unsigned short)
 .text._ZN6Layer312periodicCallEv
                0x080051e0       0x34 ./src/communicationCenter/ethernet/Layer3.o
                0x080051e0                Layer3::periodicCall()
 .text._ZN6Layer314getSocketIndexEt
                0x08005214       0x1c ./src/communicationCenter/ethernet/Layer3.o
                0x08005214                Layer3::getSocketIndex(unsigned short)
 .text._ZN6Layer311handleFrameERK7IPFrame
                0x08005230       0x44 ./src/communicationCenter/ethernet/Layer3.o
                0x08005230                Layer3::handleFrame(IPFrame const&)
 .text._ZN6Layer313hasConnectionEt
                0x08005274       0x10 ./src/communicationCenter/ethernet/Layer3.o
                0x08005274                Layer3::hasConnection(unsigned short)
 .text._ZN6Layer311initArpDataER22Layer3SocketConnection
                0x08005284       0x14 ./src/communicationCenter/ethernet/Layer3.o
                0x08005284                Layer3::initArpData(Layer3SocketConnection&)
 .text._ZN6Layer311addListenerEtP16Layer3Connection
                0x08005298       0x3a ./src/communicationCenter/ethernet/Layer3.o
                0x08005298                Layer3::addListener(unsigned short, Layer3Connection*)
 .text._ZN8ArpEntryC2Ev
                0x080052d2       0x12 ./src/communicationCenter/ethernet/arp.o
                0x080052d2                ArpEntry::ArpEntry()
                0x080052d2                ArpEntry::ArpEntry()
 .text._ZNK8ArpEntry16getThisLeaseTimeEv
                0x080052e4        0xa ./src/communicationCenter/ethernet/arp.o
                0x080052e4                ArpEntry::getThisLeaseTime() const
 *fill*         0x080052ee        0x2 
 .text._ZN3ArpC2Ev
                0x080052f0       0x54 ./src/communicationCenter/ethernet/arp.o
                0x080052f0                Arp::Arp()
                0x080052f0                Arp::Arp()
 .text._ZN3Arp12periodicCallEv
                0x08005344        0x2 ./src/communicationCenter/ethernet/arp.o
                0x08005344                Arp::periodicCall()
 .text._ZN3Arp16getNextFreeEntryEv
                0x08005346       0x30 ./src/communicationCenter/ethernet/arp.o
                0x08005346                Arp::getNextFreeEntry()
 *fill*         0x08005376        0x2 
 .text._ZN3Arp14sendArpMessageEmRK7MACAddrb
                0x08005378       0xa8 ./src/communicationCenter/ethernet/arp.o
                0x08005378                Arp::sendArpMessage(unsigned long, MACAddr const&, bool)
 .text._ZN8ArpEntry14sendArpRequestEv
                0x08005420       0x40 ./src/communicationCenter/ethernet/arp.o
                0x08005420                ArpEntry::sendArpRequest()
 .text._ZN8ArpEntry12refreshEntryEmRK7MACAddr
                0x08005460       0x3c ./src/communicationCenter/ethernet/arp.o
                0x08005460                ArpEntry::refreshEntry(unsigned long, MACAddr const&)
 .text._ZN3Arp14updateArpEntryEmRK7MACAddr
                0x0800549c       0x4e ./src/communicationCenter/ethernet/arp.o
                0x0800549c                Arp::updateArpEntry(unsigned long, MACAddr const&)
 *fill*         0x080054ea        0x2 
 .text._ZN3Arp10getMacAddrEm
                0x080054ec       0x88 ./src/communicationCenter/ethernet/arp.o
                0x080054ec                Arp::getMacAddr(unsigned long)
 .text._ZN3Arp14handleArpFrameER7InFrame
                0x08005574       0xe4 ./src/communicationCenter/ethernet/arp.o
                0x08005574                Arp::handleArpFrame(InFrame&)
 .text.ethernetConfigMIIAR
                0x08005658       0x24 ./src/communicationCenter/ethernet/ethernet_mgr.o
                0x08005658                ethernetConfigMIIAR
 .text.ethernetConfigCR
                0x0800567c       0x60 ./src/communicationCenter/ethernet/ethernet_mgr.o
                0x0800567c                ethernetConfigCR
 .text.ethernetConfigFFR
                0x080056dc       0x20 ./src/communicationCenter/ethernet/ethernet_mgr.o
                0x080056dc                ethernetConfigFFR
 .text.ethernetConfigHTR
                0x080056fc       0x1c ./src/communicationCenter/ethernet/ethernet_mgr.o
                0x080056fc                ethernetConfigHTR
 .text.ethernetConfigFCR
                0x08005718       0x30 ./src/communicationCenter/ethernet/ethernet_mgr.o
                0x08005718                ethernetConfigFCR
 .text.ethernetConfigVLANTR
                0x08005748       0x20 ./src/communicationCenter/ethernet/ethernet_mgr.o
 .text.ethernetConfigDMA0MR
                0x08005768       0x54 ./src/communicationCenter/ethernet/ethernet_mgr.o
 .text.ethernetConfigDMABMR
                0x080057bc       0x28 ./src/communicationCenter/ethernet/ethernet_mgr.o
 .text.ethernetConfig
                0x080057e4       0x28 ./src/communicationCenter/ethernet/ethernet_mgr.o
 .text.ETH_Start
                0x0800580c       0x64 ./src/communicationCenter/ethernet/ethernet_mgr.o
 .text.ethernetMACConfig
                0x08005870       0x30 ./src/communicationCenter/ethernet/ethernet_mgr.o
                0x08005870                ethernetMACConfig
 .text.ETH_WKUP_IRQHandler
                0x080058a0       0x18 ./src/communicationCenter/ethernet/ethernet_mgr.o
                0x080058a0                ETH_WKUP_IRQHandler
 .text.ethernetConfigMAC
                0x080058b8       0x60 ./src/communicationCenter/ethernet/ethernet_mgr.o
                0x080058b8                ethernetConfigMAC
 .text.calcChecksum
                0x08005918       0xd2 ./src/communicationCenter/ethernet/ethernet_mgr.o
                0x08005918                calcChecksum
 .text._ZL10shortDelayv
                0x080059ea       0x1e ./src/communicationCenter/ethernet/frame.o
 .text._ZN7InFrameC2EPKcj
                0x08005a08       0x3c ./src/communicationCenter/ethernet/frame.o
                0x08005a08                InFrame::InFrame(char const*, unsigned int)
                0x08005a08                InFrame::InFrame(char const*, unsigned int)
 .text.processEthernetMsg
                0x08005a44       0x54 ./src/communicationCenter/ethernet/frame.o
                0x08005a44                processEthernetMsg
 .text._ZNK7InFrame11isBroadcastEv
                0x08005a98       0x1e ./src/communicationCenter/ethernet/frame.o
                0x08005a98                InFrame::isBroadcast() const
 .text._ZN7InFrame15readNextHostU16Ev
                0x08005ab6       0x1a ./src/communicationCenter/ethernet/frame.o
                0x08005ab6                InFrame::readNextHostU16()
 .text._ZN7InFrame18readNextNetworkU16Ev
                0x08005ad0       0x10 ./src/communicationCenter/ethernet/frame.o
                0x08005ad0                InFrame::readNextNetworkU16()
 .text._ZN7InFrame15readNextHostU32Ev
                0x08005ae0       0x1a ./src/communicationCenter/ethernet/frame.o
                0x08005ae0                InFrame::readNextHostU32()
 .text._ZN7InFrame11readNextMACEv
                0x08005afa       0x18 ./src/communicationCenter/ethernet/frame.o
                0x08005afa                InFrame::readNextMAC()
 *fill*         0x08005b12        0x2 
 .text._ZN8OutFrame17getAndIncFrameCtrEv
                0x08005b14       0x18 ./src/communicationCenter/ethernet/frame.o
                0x08005b14                OutFrame::getAndIncFrameCtr()
 .text._ZN8OutFrame12writeHostU16Et
                0x08005b2c       0x2c ./src/communicationCenter/ethernet/frame.o
                0x08005b2c                OutFrame::writeHostU16(unsigned short)
 .text._ZN8OutFrame15writeNetworkU16Et
                0x08005b58       0x10 ./src/communicationCenter/ethernet/frame.o
                0x08005b58                OutFrame::writeNetworkU16(unsigned short)
 .text._ZN8OutFrame12writeHostU32Em
                0x08005b68       0x2c ./src/communicationCenter/ethernet/frame.o
                0x08005b68                OutFrame::writeHostU32(unsigned long)
 .text._ZN8OutFrame8writeMACERK7MACAddr
                0x08005b94       0x56 ./src/communicationCenter/ethernet/frame.o
                0x08005b94                OutFrame::writeMAC(MACAddr const&)
 *fill*         0x08005bea        0x2 
 .text._ZN8OutFrameC2E9FrameTypeRK7MACAddr
                0x08005bec       0x68 ./src/communicationCenter/ethernet/frame.o
                0x08005bec                OutFrame::OutFrame(FrameType, MACAddr const&)
                0x08005bec                OutFrame::OutFrame(FrameType, MACAddr const&)
 .text._ZN8OutFrameC2EmR19CommunicationCenter
                0x08005c54       0x68 ./src/communicationCenter/ethernet/frame.o
                0x08005c54                OutFrame::OutFrame(unsigned long, CommunicationCenter&)
                0x08005c54                OutFrame::OutFrame(unsigned long, CommunicationCenter&)
 .text._ZN8OutFrame10appendDataEPKcj
                0x08005cbc       0x38 ./src/communicationCenter/ethernet/frame.o
                0x08005cbc                OutFrame::appendData(char const*, unsigned int)
 .text._ZN8OutFrame10appendDataERK6Bufferjj
                0x08005cf4       0x42 ./src/communicationCenter/ethernet/frame.o
                0x08005cf4                OutFrame::appendData(Buffer const&, unsigned int, unsigned int)
 .text._ZN8OutFrame10appendDataERK6Bufferj
                0x08005d36        0xc ./src/communicationCenter/ethernet/frame.o
                0x08005d36                OutFrame::appendData(Buffer const&, unsigned int)
 *fill*         0x08005d42        0x2 
 .text._ZN8OutFrame7sendMsgEv
                0x08005d44       0x40 ./src/communicationCenter/ethernet/frame.o
                0x08005d44                OutFrame::sendMsg()
 .text._GLOBAL__sub_I_processEthernetMsg
                0x08005d84       0x10 ./src/communicationCenter/ethernet/frame.o
 .text._ZN8IPHeader10readLengthER7InFrame
                0x08005d94       0x5c ./src/communicationCenter/ethernet/ipFrame.o
                0x08005d94                IPHeader::readLength(InFrame&)
 .text._ZN8IPHeader6isToMeEm
                0x08005df0       0x40 ./src/communicationCenter/ethernet/ipFrame.o
                0x08005df0                IPHeader::isToMe(unsigned long)
 .text._ZN8IPHeader7readIPsER7InFrame
                0x08005e30       0x2a ./src/communicationCenter/ethernet/ipFrame.o
                0x08005e30                IPHeader::readIPs(InFrame&)
 .text._ZN8IPHeader13decodeOptionsER7InFrame
                0x08005e5a       0x22 ./src/communicationCenter/ethernet/ipFrame.o
                0x08005e5a                IPHeader::decodeOptions(InFrame&)
 .text._ZN8IPHeader15decodeFrameTypeEt
                0x08005e7c       0x26 ./src/communicationCenter/ethernet/ipFrame.o
                0x08005e7c                IPHeader::decodeFrameType(unsigned short)
 *fill*         0x08005ea2        0x2 
 .text._ZN8IPHeaderC2ER7InFrameR3Arp
                0x08005ea4       0x68 ./src/communicationCenter/ethernet/ipFrame.o
                0x08005ea4                IPHeader::IPHeader(InFrame&, Arp&)
                0x08005ea4                IPHeader::IPHeader(InFrame&, Arp&)
 .text._ZN8OutIPMsg9getCurPtrEv
                0x08005f0c        0x8 ./src/communicationCenter/ethernet/ipFrame.o
                0x08005f0c                OutIPMsg::getCurPtr()
 .text._ZN8OutIPMsg12writeHostU16Et
                0x08005f14        0x8 ./src/communicationCenter/ethernet/ipFrame.o
                0x08005f14                OutIPMsg::writeHostU16(unsigned short)
 .text._ZN8OutIPMsg10appendDataEPKcj
                0x08005f1c        0x8 ./src/communicationCenter/ethernet/ipFrame.o
                0x08005f1c                OutIPMsg::appendData(char const*, unsigned int)
 .text._ZN8OutIPMsg10appendDataERK6Bufferj
                0x08005f24        0x8 ./src/communicationCenter/ethernet/ipFrame.o
                0x08005f24                OutIPMsg::appendData(Buffer const&, unsigned int)
 .text._ZN8OutIPMsg14updateIPMsgLenEv
                0x08005f2c       0x3a ./src/communicationCenter/ethernet/ipFrame.o
                0x08005f2c                OutIPMsg::updateIPMsgLen()
 .text._ZN8OutIPMsg7sendMsgEv
                0x08005f66       0x10 ./src/communicationCenter/ethernet/ipFrame.o
                0x08005f66                OutIPMsg::sendMsg()
 .text._ZN8OutIPMsg14writeFrameTypeE11IPFrameType
                0x08005f76       0x32 ./src/communicationCenter/ethernet/ipFrame.o
                0x08005f76                OutIPMsg::writeFrameType(IPFrameType)
 .text._ZN8OutIPMsg17updateRecordRouteEPcjj
                0x08005fa8       0x44 ./src/communicationCenter/ethernet/ipFrame.o
                0x08005fa8                OutIPMsg::updateRecordRoute(char*, unsigned int, unsigned int)
 .text._ZN8OutIPMsg23updateInternetTimestampEPcjj
                0x08005fec       0x7c ./src/communicationCenter/ethernet/ipFrame.o
                0x08005fec                OutIPMsg::updateInternetTimestamp(char*, unsigned int, unsigned int)
 .text._ZN8OutIPMsg12parseOptionsEPcj
                0x08006068      0x1c0 ./src/communicationCenter/ethernet/ipFrame.o
                0x08006068                OutIPMsg::parseOptions(char*, unsigned int)
 .text._ZN8OutIPMsg17getIdentificationEv
                0x08006228       0x24 ./src/communicationCenter/ethernet/ipFrame.o
                0x08006228                OutIPMsg::getIdentification()
 .text._ZN8OutIPMsg13writeIPHeaderEm11IPFrameTypejPKc
                0x0800624c       0x90 ./src/communicationCenter/ethernet/ipFrame.o
                0x0800624c                OutIPMsg::writeIPHeader(unsigned long, IPFrameType, unsigned int, char const*)
 .text._ZN8OutIPMsgC2Em11IPFrameTypeR19CommunicationCenter
                0x080062dc       0x4c ./src/communicationCenter/ethernet/ipFrame.o
                0x080062dc                OutIPMsg::OutIPMsg(unsigned long, IPFrameType, CommunicationCenter&)
                0x080062dc                OutIPMsg::OutIPMsg(unsigned long, IPFrameType, CommunicationCenter&)
 .text._ZN8OutIPMsgC2EmjPKcR19CommunicationCenter
                0x08006328       0x4c ./src/communicationCenter/ethernet/ipFrame.o
                0x08006328                OutIPMsg::OutIPMsg(unsigned long, unsigned int, char const*, CommunicationCenter&)
                0x08006328                OutIPMsg::OutIPMsg(unsigned long, unsigned int, char const*, CommunicationCenter&)
 .text._ZN7IPFrameC2ER7InFrameR3Arp
                0x08006374       0x1a ./src/communicationCenter/ethernet/ipFrame.o
                0x08006374                IPFrame::IPFrame(InFrame&, Arp&)
                0x08006374                IPFrame::IPFrame(InFrame&, Arp&)
 .text._ZN7IPLayerC2ER6Layer3S1_R19CommunicationCenter
                0x0800638e       0x1e ./src/communicationCenter/ethernet/ipLayer.o
                0x0800638e                IPLayer::IPLayer(Layer3&, Layer3&, CommunicationCenter&)
                0x0800638e                IPLayer::IPLayer(Layer3&, Layer3&, CommunicationCenter&)
 .text._ZN7IPLayer15handleICMPFrameERK7IPFrame
                0x080063ac       0x74 ./src/communicationCenter/ethernet/ipLayer.o
                0x080063ac                IPLayer::handleICMPFrame(IPFrame const&)
 .text._ZN7IPLayer13handleIPFrameER7InFrame
                0x08006420       0x48 ./src/communicationCenter/ethernet/ipLayer.o
                0x08006420                IPLayer::handleIPFrame(InFrame&)
 .text._ZN7IPLayer11handleFrameER7InFrame
                0x08006468       0x2c ./src/communicationCenter/ethernet/ipLayer.o
                0x08006468                IPLayer::handleFrame(InFrame&)
 .text._ZN7IPLayer12periodicCallEv
                0x08006494        0x8 ./src/communicationCenter/ethernet/ipLayer.o
                0x08006494                IPLayer::periodicCall()
 .text._ZN7IPLayer10getMacAddrEm
                0x0800649c        0x8 ./src/communicationCenter/ethernet/ipLayer.o
                0x0800649c                IPLayer::getMacAddr(unsigned long)
 .text._ZN7MACAddrC2Ev
                0x080064a4        0xe ./src/communicationCenter/ethernet/mac.o
                0x080064a4                MACAddr::MACAddr()
                0x080064a4                MACAddr::MACAddr()
 .text._ZN7MACAddrC2ERKS_
                0x080064b2        0xa ./src/communicationCenter/ethernet/mac.o
                0x080064b2                MACAddr::MACAddr(MACAddr const&)
                0x080064b2                MACAddr::MACAddr(MACAddr const&)
 .text._ZN7MACAddrC2EPKc
                0x080064bc       0x18 ./src/communicationCenter/ethernet/mac.o
                0x080064bc                MACAddr::MACAddr(char const*)
                0x080064bc                MACAddr::MACAddr(char const*)
 .text._ZNK7MACAddr7isEmptyEv
                0x080064d4       0x16 ./src/communicationCenter/ethernet/mac.o
                0x080064d4                MACAddr::isEmpty() const
 .text._ZneRK7MACAddrS1_
                0x080064ea       0x1a ./src/communicationCenter/ethernet/mac.o
                0x080064ea                operator!=(MACAddr const&, MACAddr const&)
 .text.getMacAddr
                0x08006504       0x14 ./src/communicationCenter/ethernet/mac.o
                0x08006504                getMacAddr
 .text._ZN6IPDataC2Ev
                0x08006518        0xe ./src/communicationCenter/ethernet/mac.o
                0x08006518                IPData::IPData()
                0x08006518                IPData::IPData()
 .text._ZN6IPData7setDataEmmm
                0x08006526        0x8 ./src/communicationCenter/ethernet/mac.o
                0x08006526                IPData::setData(unsigned long, unsigned long, unsigned long)
 .text._ZNK6IPData11getFirsthopEm
                0x0800652e        0x4 ./src/communicationCenter/ethernet/mac.o
                0x0800652e                IPData::getFirsthop(unsigned long) const
 *fill*         0x08006532        0x2 
 .text.incAndSetRxIndex
                0x08006534       0x34 ./src/communicationCenter/ethernet/messageQueue.o
                0x08006534                incAndSetRxIndex
 .text.initBuffer
                0x08006568       0x80 ./src/communicationCenter/ethernet/messageQueue.o
                0x08006568                initBuffer
 .text.initInBuffer
                0x080065e8       0x34 ./src/communicationCenter/ethernet/messageQueue.o
                0x080065e8                initInBuffer
 .text.initOutBuffer
                0x0800661c       0x34 ./src/communicationCenter/ethernet/messageQueue.o
                0x0800661c                initOutBuffer
 .text.getNextRxPacketIndex
                0x08006650       0x8c ./src/communicationCenter/ethernet/messageQueue.o
                0x08006650                getNextRxPacketIndex
 .text.handleIncomingPackets
                0x080066dc       0x2e ./src/communicationCenter/ethernet/messageQueue.o
                0x080066dc                handleIncomingPackets
 *fill*         0x0800670a        0x2 
 .text.handleIncomingPacket
                0x0800670c       0xc0 ./src/communicationCenter/ethernet/messageQueue.o
                0x0800670c                handleIncomingPacket
 .text.initializeTransmitBuffers
                0x080067cc       0x48 ./src/communicationCenter/ethernet/messageQueue.o
                0x080067cc                initializeTransmitBuffers
 .text.initializeReceiveBuffers
                0x08006814       0x48 ./src/communicationCenter/ethernet/messageQueue.o
                0x08006814                initializeReceiveBuffers
 .text.getFreeOutPacket
                0x0800685c       0x58 ./src/communicationCenter/ethernet/messageQueue.o
                0x0800685c                getFreeOutPacket
 .text.ethernetSendPacket
                0x080068b4       0x38 ./src/communicationCenter/ethernet/messageQueue.o
 .text.sendCurOutPacket
                0x080068ec       0x68 ./src/communicationCenter/ethernet/messageQueue.o
                0x080068ec                sendCurOutPacket
 .text._ZNK13UDPConnection10getOtherIPEv
                0x08006954        0x4 ./src/communicationCenter/ethernet/udpConnection.o
                0x08006954                UDPConnection::getOtherIP() const
 .text._ZNK13UDPConnection8isClosedEv
                0x08006958        0x8 ./src/communicationCenter/ethernet/udpConnection.o
                0x08006958                UDPConnection::isClosed() const
 .text._ZN13UDPConnection17handleIncomingMsgEmmPKhj
                0x08006960       0x88 ./src/communicationCenter/ethernet/udpConnection.o
                0x08006960                UDPConnection::handleIncomingMsg(unsigned long, unsigned long, unsigned char const*, unsigned int)
 .text._ZN13UDPConnectionC2ER19BidirectionalBufferR6Layer3
                0x080069e8       0x20 ./src/communicationCenter/ethernet/udpConnection.o
                0x080069e8                UDPConnection::UDPConnection(BidirectionalBuffer&, Layer3&)
                0x080069e8                UDPConnection::UDPConnection(BidirectionalBuffer&, Layer3&)
 .text._ZN13UDPConnection11closeObjectEv
                0x08006a08       0x1a ./src/communicationCenter/ethernet/udpConnection.o
                0x08006a08                UDPConnection::closeObject()
 .text._ZN13UDPConnection10openObjectEttm
                0x08006a22       0x36 ./src/communicationCenter/ethernet/udpConnection.o
                0x08006a22                UDPConnection::openObject(unsigned short, unsigned short, unsigned long)
 .text._ZN13UDPConnection14sendUDPMessageEv
                0x08006a58       0x84 ./src/communicationCenter/ethernet/udpConnection.o
                0x08006a58                UDPConnection::sendUDPMessage()
 .text._ZN13UDPConnection12periodicCallEv
                0x08006adc       0x22 ./src/communicationCenter/ethernet/udpConnection.o
                0x08006adc                UDPConnection::periodicCall()
 .text._ZN13UDPHeaderDataC2EPKhmmj
                0x08006afe       0x44 ./src/communicationCenter/ethernet/udpMessage.o
                0x08006afe                UDPHeaderData::UDPHeaderData(unsigned char const*, unsigned long, unsigned long, unsigned int)
                0x08006afe                UDPHeaderData::UDPHeaderData(unsigned char const*, unsigned long, unsigned long, unsigned int)
 .text._ZN13UDPHeaderDataC2Ett
                0x08006b42        0xa ./src/communicationCenter/ethernet/udpMessage.o
                0x08006b42                UDPHeaderData::UDPHeaderData(unsigned short, unsigned short)
                0x08006b42                UDPHeaderData::UDPHeaderData(unsigned short, unsigned short)
 .text._ZN9OutUDPMsg14writeUDPHeaderERK13UDPHeaderData
                0x08006b4c       0x2c ./src/communicationCenter/ethernet/udpMessage.o
                0x08006b4c                OutUDPMsg::writeUDPHeader(UDPHeaderData const&)
 .text._ZN9OutUDPMsgC2EmRK13UDPHeaderDataR19CommunicationCenter
                0x08006b78       0x3c ./src/communicationCenter/ethernet/udpMessage.o
                0x08006b78                OutUDPMsg::OutUDPMsg(unsigned long, UDPHeaderData const&, CommunicationCenter&)
                0x08006b78                OutUDPMsg::OutUDPMsg(unsigned long, UDPHeaderData const&, CommunicationCenter&)
 .text._ZN9OutUDPMsg10appendDataERK6Bufferj
                0x08006bb4        0x8 ./src/communicationCenter/ethernet/udpMessage.o
                0x08006bb4                OutUDPMsg::appendData(Buffer const&, unsigned int)
 .text._ZN9OutUDPMsg14updateChecksumEv
                0x08006bbc       0x42 ./src/communicationCenter/ethernet/udpMessage.o
                0x08006bbc                OutUDPMsg::updateChecksum()
 .text._ZN9OutUDPMsg7sendMsgEv
                0x08006bfe       0x1a ./src/communicationCenter/ethernet/udpMessage.o
                0x08006bfe                OutUDPMsg::sendMsg()
 .text._ZN10ControllerC2ER6Layer3R19CommunicationCenter
                0x08006c18       0x2e ./src/communicationCenter/handlers/Control.o
                0x08006c18                Controller::Controller(Layer3&, CommunicationCenter&)
                0x08006c18                Controller::Controller(Layer3&, CommunicationCenter&)
 .text._ZN10Controller10openSocketEv
                0x08006c46       0x12 ./src/communicationCenter/handlers/Control.o
                0x08006c46                Controller::openSocket()
 .text._ZN10Controller10SendStatusE14CONTROL_OPCODEh
                0x08006c58      0x170 ./src/communicationCenter/handlers/Control.o
                0x08006c58                Controller::SendStatus(CONTROL_OPCODE, unsigned char)
 .text._ZN10Controller8SetStateEhm
                0x08006dc8        0xe ./src/communicationCenter/handlers/Control.o
                0x08006dc8                Controller::SetState(unsigned char, unsigned long)
 *fill*         0x08006dd6        0x2 
 .text._ZN10Controller9SendStateEv
                0x08006dd8       0x64 ./src/communicationCenter/handlers/Control.o
                0x08006dd8                Controller::SendState()
 .text._ZN10Controller19handleRecievedStateER6Buffer
                0x08006e3c       0x3a ./src/communicationCenter/handlers/Control.o
                0x08006e3c                Controller::handleRecievedState(Buffer&)
 .text._ZN10Controller11sendAckNackE14CONTROL_OPCODE15COMMAND_SUCCESS
                0x08006e76       0x28 ./src/communicationCenter/handlers/Control.o
                0x08006e76                Controller::sendAckNack(CONTROL_OPCODE, COMMAND_SUCCESS)
 *fill*         0x08006e9e        0x2 
 .text._ZN10Controller16handleGetPDUInfoER6Buffer
                0x08006ea0       0x6c ./src/communicationCenter/handlers/Control.o
                0x08006ea0                Controller::handleGetPDUInfo(Buffer&)
 .text._ZN10Controller14handleSetDebugEv
                0x08006f0c       0xbc ./src/communicationCenter/handlers/Control.o
                0x08006f0c                Controller::handleSetDebug()
 .text._ZN10Controller11handleEraseEv
                0x08006fc8       0x50 ./src/communicationCenter/handlers/Control.o
                0x08006fc8                Controller::handleErase()
 .text._ZN10Controller10readBufferEv
                0x08007018      0x318 ./src/communicationCenter/handlers/Control.o
                0x08007018                Controller::readBuffer()
 .text._ZN10Controller12periodicCallEv
                0x08007330      0x17c ./src/communicationCenter/handlers/Control.o
                0x08007330                Controller::periodicCall()
 .text._ZN10DHCPClientC2ER6IPDataR6Layer3
                0x080074ac       0x34 ./src/communicationCenter/handlers/DHCP.o
                0x080074ac                DHCPClient::DHCPClient(IPData&, Layer3&)
                0x080074ac                DHCPClient::DHCPClient(IPData&, Layer3&)
 .text._ZN10DHCPClient10openSocketEv
                0x080074e0       0x16 ./src/communicationCenter/handlers/DHCP.o
                0x080074e0                DHCPClient::openSocket()
 .text._ZN10DHCPClient11closeSocketEv
                0x080074f6        0xa ./src/communicationCenter/handlers/DHCP.o
                0x080074f6                DHCPClient::closeSocket()
 .text._ZN10DHCPClient11sendMessageE17DHCP_Message_Typemm
                0x08007500       0xe0 ./src/communicationCenter/handlers/DHCP.o
                0x08007500                DHCPClient::sendMessage(DHCP_Message_Type, unsigned long, unsigned long)
 .text._ZN10DHCPClient11recvMessageER6IPDataPmS2_
                0x080075e0      0x21c ./src/communicationCenter/handlers/DHCP.o
                0x080075e0                DHCPClient::recvMessage(IPData&, unsigned long*, unsigned long*)
 .text._ZN10DHCPClient10readBufferEv
                0x080077fc       0xf8 ./src/communicationCenter/handlers/DHCP.o
                0x080077fc                DHCPClient::readBuffer()
 .text._ZNK10DHCPClient8isClosedEv
                0x080078f4        0xa ./src/communicationCenter/handlers/DHCP.o
                0x080078f4                DHCPClient::isClosed() const
 *fill*         0x080078fe        0x2 
 .text._ZN10DHCPClient12periodicCallEv
                0x08007900      0x134 ./src/communicationCenter/handlers/DHCP.o
                0x08007900                DHCPClient::periodicCall()
 .text._ZN9FTPClientC2Et12TCPPortTypesR6Layer3PFvmEPFiR6BuffertE
                0x08007a34       0x48 ./src/communicationCenter/handlers/swUpgrade/FTP.o
                0x08007a34                FTPClient::FTPClient(unsigned short, TCPPortTypes, Layer3&, void (*)(unsigned long), int (*)(Buffer&, unsigned short))
                0x08007a34                FTPClient::FTPClient(unsigned short, TCPPortTypes, Layer3&, void (*)(unsigned long), int (*)(Buffer&, unsigned short))
 .text._ZN9FTPClient10openSocketEv
                0x08007a7c       0x18 ./src/communicationCenter/handlers/swUpgrade/FTP.o
                0x08007a7c                FTPClient::openSocket()
 .text._ZN9FTPClient11RequestFileEmPKc
                0x08007a94       0xd4 ./src/communicationCenter/handlers/swUpgrade/FTP.o
                0x08007a94                FTPClient::RequestFile(unsigned long, char const*)
 .text._ZN9FTPClient9SendErrorE11FTP_ERRCODE
                0x08007b68       0x98 ./src/communicationCenter/handlers/swUpgrade/FTP.o
                0x08007b68                FTPClient::SendError(FTP_ERRCODE)
 .text._ZN9FTPClient10RetransmitEv
                0x08007c00       0xf8 ./src/communicationCenter/handlers/swUpgrade/FTP.o
                0x08007c00                FTPClient::Retransmit()
 .text._ZN9FTPClient14SaveBlockToMemEt
                0x08007cf8       0x90 ./src/communicationCenter/handlers/swUpgrade/FTP.o
                0x08007cf8                FTPClient::SaveBlockToMem(unsigned short)
 .text._ZN9FTPClient10readBufferEv
                0x08007d88      0x118 ./src/communicationCenter/handlers/swUpgrade/FTP.o
                0x08007d88                FTPClient::readBuffer()
 .text._ZN9FTPClient12periodicCallEv
                0x08007ea0       0xd8 ./src/communicationCenter/handlers/swUpgrade/FTP.o
                0x08007ea0                FTPClient::periodicCall()
 .text.calcCRC  0x08007f78       0x7c ./src/communicationCenter/handlers/swUpgrade/calcCRC.o
                0x08007f78                calcCRC
 .text._ZN14upgradeManagerC2ER6Layer3
                0x08007ff4       0x3c ./src/communicationCenter/handlers/swUpgrade/upgradeManager.o
                0x08007ff4                upgradeManager::upgradeManager(Layer3&)
                0x08007ff4                upgradeManager::upgradeManager(Layer3&)
 .text._ZN14upgradeManager23handleSetSoftwareUpdateER6Buffer
                0x08008030       0x50 ./src/communicationCenter/handlers/swUpgrade/upgradeManager.o
                0x08008030                upgradeManager::handleSetSoftwareUpdate(Buffer&)
 .text._ZN14upgradeManager21handleGetSoftwareInfoER6Buffer
                0x08008080       0x7c ./src/communicationCenter/handlers/swUpgrade/upgradeManager.o
                0x08008080                upgradeManager::handleGetSoftwareInfo(Buffer&)
 .text._ZN14upgradeManager8SaveDataER6Buffert
                0x080080fc       0xac ./src/communicationCenter/handlers/swUpgrade/upgradeManager.o
                0x080080fc                upgradeManager::SaveData(Buffer&, unsigned short)
 .text._ZN14upgradeManager15On_DataReceivedER6Buffert
                0x080081a8       0x14 ./src/communicationCenter/handlers/swUpgrade/upgradeManager.o
                0x080081a8                upgradeManager::On_DataReceived(Buffer&, unsigned short)
 .text._ZN14upgradeManager17Check_New_VersionEm
                0x080081bc       0x4c ./src/communicationCenter/handlers/swUpgrade/upgradeManager.o
                0x080081bc                upgradeManager::Check_New_Version(unsigned long)
 .text._ZN14upgradeManager17Set_Root_LocationEmm
                0x08008208       0x8a ./src/communicationCenter/handlers/swUpgrade/upgradeManager.o
                0x08008208                upgradeManager::Set_Root_Location(unsigned long, unsigned long)
 *fill*         0x08008292        0x2 
 .text._ZN14upgradeManager14StartSWUpgradeEm
                0x08008294       0x3c ./src/communicationCenter/handlers/swUpgrade/upgradeManager.o
                0x08008294                upgradeManager::StartSWUpgrade(unsigned long)
 .text._ZN14upgradeManager17On_StartSWUpgradeEm
                0x080082d0       0x14 ./src/communicationCenter/handlers/swUpgrade/upgradeManager.o
                0x080082d0                upgradeManager::On_StartSWUpgrade(unsigned long)
 .text._ZN11FlashUnlockC2Ev
                0x080082e4       0x28 ./src/general/genericClasses.o
                0x080082e4                FlashUnlock::FlashUnlock()
                0x080082e4                FlashUnlock::FlashUnlock()
 .text._ZN11FlashUnlockD2Ev
                0x0800830c        0xc ./src/general/genericClasses.o
                0x0800830c                FlashUnlock::~FlashUnlock()
                0x0800830c                FlashUnlock::~FlashUnlock()
 .text.systemReset
                0x08008318        0xc ./src/general/placeHolder.o
                0x08008318                systemReset
 .text.enterLiveLoop
                0x08008324        0x8 ./src/general/placeHolder.o
                0x08008324                enterLiveLoop
 .text.main     0x0800832c        0xc ./src/main/main.o
                0x0800832c                main
 .text._ZN16SystemManagementC2Ev
                0x08008338       0x24 ./src/main/systemManagement.o
                0x08008338                SystemManagement::SystemManagement()
                0x08008338                SystemManagement::SystemManagement()
 .text._ZN16SystemManagement4initEv
                0x0800835c       0xc8 ./src/main/systemManagement.o
                0x0800835c                SystemManagement::init()
 .text._ZN16SystemManagement19tryPriority0ActionsEv
                0x08008424        0xe ./src/main/systemManagement.o
                0x08008424                SystemManagement::tryPriority0Actions()
 *fill*         0x08008432        0x2 
 .text._ZN16SystemManagement19tryPriority1ActionsEv
                0x08008434       0x24 ./src/main/systemManagement.o
                0x08008434                SystemManagement::tryPriority1Actions()
 .text._ZN16SystemManagement19tryPriority2ActionsEv
                0x08008458       0xe8 ./src/main/systemManagement.o
                0x08008458                SystemManagement::tryPriority2Actions()
 .text._ZN16SystemManagement12periodicCallEv
                0x08008540       0x1c ./src/main/systemManagement.o
                0x08008540                SystemManagement::periodicCall()
 .text._ZN16SystemManagement14registerRebootEv
                0x0800855c       0x30 ./src/main/systemManagement.o
                0x0800855c                SystemManagement::registerReboot()
 .text._ZN16SystemManagement17handleLeyer2FrameER7InFrame
                0x0800858c       0x14 ./src/main/systemManagement.o
                0x0800858c                SystemManagement::handleLeyer2Frame(InFrame&)
 .text._GLOBAL__sub_I__ZN16SystemManagement17mGlobalManagementE
                0x080085a0       0x10 ./src/main/systemManagement.o
 .text._ZN13SystemObjectsC2Ev
                0x080085b0       0x1c ./src/main/systemObjects.o
                0x080085b0                SystemObjects::SystemObjects()
                0x080085b0                SystemObjects::SystemObjects()
 .text._GLOBAL__sub_I__ZN13SystemObjects10mSingletonE
                0x080085cc       0x10 ./src/main/systemObjects.o
 .text.get16RandomNumber
                0x080085dc       0x10 ./src/main/systemObjects.o
                0x080085dc                get16RandomNumber
 .text._ZN20PersistentSystemData21Get_LocalRemoteSourceEv
                0x080085ec       0x10 ./src/persistentData/persistentData.o
                0x080085ec                PersistentSystemData::Get_LocalRemoteSource()
 .text._ZN14PersistentData21Get_LocalRemoteSourceEv
                0x080085fc       0x10 ./src/persistentData/persistentData.o
                0x080085fc                PersistentData::Get_LocalRemoteSource()
 .text._ZN14PersistentData19Get_GPOLinkSettingsEv
                0x0800860c       0x10 ./src/persistentData/persistentData.o
                0x0800860c                PersistentData::Get_GPOLinkSettings()
 .text._ZN14PersistentData19Get_PorLinkSettingsEv
                0x0800861c       0x10 ./src/persistentData/persistentData.o
                0x0800861c                PersistentData::Get_PorLinkSettings()
 .text._ZN14PersistentData21Get_MacroLinkSettingsEv
                0x0800862c       0x10 ./src/persistentData/persistentData.o
                0x0800862c                PersistentData::Get_MacroLinkSettings()
 .text._ZN14PersistentData21Get_StateLinkSettingsEv
                0x0800863c       0x10 ./src/persistentData/persistentData.o
                0x0800863c                PersistentData::Get_StateLinkSettings()
 .text._ZN14PersistentData16Get_MacroAddressEh
                0x0800864c        0xa ./src/persistentData/persistentData.o
                0x0800864c                PersistentData::Get_MacroAddress(unsigned char)
 *fill*         0x08008656        0x2 
 .text._ZNK14PersistentData15getSerialNumberEv
                0x08008658        0x8 ./src/persistentData/persistentData.o
                0x08008658                PersistentData::getSerialNumber() const
 .text._ZN14PersistentData21getNext32RandomNumberEv
                0x08008660       0x18 ./src/persistentData/persistentData.o
                0x08008660                PersistentData::getNext32RandomNumber()
 .text._ZNK14PersistentData10getMacAddrEv
                0x08008678        0x4 ./src/persistentData/persistentData.o
                0x08008678                PersistentData::getMacAddr() const
 .text._ZN14PersistentData16getSystemVersionEv
                0x0800867c       0xf0 ./src/persistentData/persistentData.o
                0x0800867c                PersistentData::getSystemVersion()
 .text._ZNK14PersistentData15getResetCounterEv
                0x0800876c        0x4 ./src/persistentData/persistentData.o
                0x0800876c                PersistentData::getResetCounter() const
 .text._ZN14PersistentData21getNext16RandomNumberEv
                0x08008770        0xa ./src/persistentData/persistentData.o
                0x08008770                PersistentData::getNext16RandomNumber()
 .text._ZN14PersistentData13Get_IpSettingEv
                0x0800877a        0xa ./src/persistentData/persistentData.o
                0x0800877a                PersistentData::Get_IpSetting()
 .text._ZN14PersistentData13Get_CBSettingEi
                0x08008784        0xa ./src/persistentData/persistentData.o
                0x08008784                PersistentData::Get_CBSetting(int)
 .text._ZN14PersistentData15handleGetConfigER6BufferS1_
                0x0800878e        0xa ./src/persistentData/persistentData.o
                0x0800878e                PersistentData::handleGetConfig(Buffer&, Buffer&)
 .text._ZN14PersistentData22Get_OutputLinkSettingsEv
                0x08008798        0xa ./src/persistentData/persistentData.o
                0x08008798                PersistentData::Get_OutputLinkSettings()
 *fill*         0x080087a2        0x2 
 .text._ZN14PersistentData15handleSetConfigER6Buffer
                0x080087a4       0x40 ./src/persistentData/persistentData.o
                0x080087a4                PersistentData::handleSetConfig(Buffer&)
 .text._ZN14PersistentData14handleSetMacroER6Buffer
                0x080087e4       0x40 ./src/persistentData/persistentData.o
                0x080087e4                PersistentData::handleSetMacro(Buffer&)
 .text._ZN14PersistentData12FactoryResetEv
                0x08008824       0x44 ./src/persistentData/persistentData.o
                0x08008824                PersistentData::FactoryReset()
 .text._ZN14PersistentData21resetPersistentMemoryEb
                0x08008868       0x8c ./src/persistentData/persistentData.o
                0x08008868                PersistentData::resetPersistentMemory(bool)
 .text._ZN14PersistentDataC2ERh
                0x080088f4       0x2c ./src/persistentData/persistentData.o
                0x080088f4                PersistentData::PersistentData(unsigned char&)
                0x080088f4                PersistentData::PersistentData(unsigned char&)
 .text._ZN14PersistentData25writePersistentStaticDataEiPKci
                0x08008920       0x94 ./src/persistentData/persistentData.o
                0x08008920                PersistentData::writePersistentStaticData(int, char const*, int)
 .text._ZN14PersistentData15setSerialNumberEPKc
                0x080089b4       0x74 ./src/persistentData/persistentData.o
                0x080089b4                PersistentData::setSerialNumber(char const*)
 .text._ZN14PersistentData19initializeStaticMemEv
                0x08008a28       0x6c ./src/persistentData/persistentData.o
                0x08008a28                PersistentData::initializeStaticMem()
 .text._ZN14PersistentData18initPersistentDataEv
                0x08008a94       0x84 ./src/persistentData/persistentData.o
                0x08008a94                PersistentData::initPersistentData()
 .text._ZN14PersistentData10setMacAddrEPc
                0x08008b18       0x1c ./src/persistentData/persistentData.o
                0x08008b18                PersistentData::setMacAddr(char*)
 .text._ZN14PersistentData18loadPersistentDataEv
                0x08008b34       0x80 ./src/persistentData/persistentData.o
                0x08008b34                PersistentData::loadPersistentData()
 .text._ZN20PersistentSystemData22Get_OutputLinkSettingsEv
                0x08008bb4       0x10 ./src/persistentData/persistentSystemData.o
                0x08008bb4                PersistentSystemData::Get_OutputLinkSettings()
 .text._ZN20PersistentSystemDataC2ERh
                0x08008bc4       0x10 ./src/persistentData/persistentSystemData.o
                0x08008bc4                PersistentSystemData::PersistentSystemData(unsigned char&)
                0x08008bc4                PersistentSystemData::PersistentSystemData(unsigned char&)
 .text._ZN20PersistentSystemData14handleSetMacroER6Buffer
                0x08008bd4       0xae ./src/persistentData/persistentSystemData.o
                0x08008bd4                PersistentSystemData::handleSetMacro(Buffer&)
 *fill*         0x08008c82        0x2 
 .text._ZN20PersistentSystemData15handleSetConfigER6Buffer
                0x08008c84      0x36c ./src/persistentData/persistentSystemData.o
                0x08008c84                PersistentSystemData::handleSetConfig(Buffer&)
 .text._ZN20PersistentSystemData12EraseAllDataEv
                0x08008ff0       0x44 ./src/persistentData/persistentSystemData.o
                0x08008ff0                PersistentSystemData::EraseAllData()
 .text._ZN20PersistentSystemData11CheckMemoryEv
                0x08009034       0x48 ./src/persistentData/persistentSystemData.o
                0x08009034                PersistentSystemData::CheckMemory()
 .text._ZN20PersistentSystemData13Get_IpSettingEv
                0x0800907c        0xe ./src/persistentData/persistentSystemData.o
                0x0800907c                PersistentSystemData::Get_IpSetting()
 *fill*         0x0800908a        0x2 
 .text._ZN20PersistentSystemData13Get_CBSettingEi
                0x0800908c       0x18 ./src/persistentData/persistentSystemData.o
                0x0800908c                PersistentSystemData::Get_CBSetting(int)
 .text._ZN20PersistentSystemData12UpdateMemoryEhPK16SystemSettings_t
                0x080090a4       0x54 ./src/persistentData/persistentSystemData.o
                0x080090a4                PersistentSystemData::UpdateMemory(unsigned char, SystemSettings_t const*)
 .text._ZN20PersistentSystemData10InitializeEv
                0x080090f8      0x33c ./src/persistentData/persistentSystemData.o
                0x080090f8                PersistentSystemData::Initialize()
 .text._ZN20PersistentSystemData15handleGetConfigER6BufferS1_
                0x08009434       0xc4 ./src/persistentData/persistentSystemData.o
                0x08009434                PersistentSystemData::handleGetConfig(Buffer&, Buffer&)
 .text._ZN21PersistentSystemStatsC2Ev
                0x080094f8        0x6 ./src/persistentData/persistentSystemStats.o
                0x080094f8                PersistentSystemStats::PersistentSystemStats()
                0x080094f8                PersistentSystemStats::PersistentSystemStats()
 *fill*         0x080094fe        0x2 
 .text._ZN21PersistentSystemStats16initRandomNumberEv
                0x08009500       0x64 ./src/persistentData/persistentSystemStats.o
                0x08009500                PersistentSystemStats::initRandomNumber()
 .text._ZN21PersistentSystemStats21getNext16RandomNumberEv
                0x08009564       0x54 ./src/persistentData/persistentSystemStats.o
                0x08009564                PersistentSystemStats::getNext16RandomNumber()
 .text._ZN7I2C_DRV8BusResetEv
                0x080095b8      0x114 ./src/stm32/I2C.o
                0x080095b8                I2C_DRV::BusReset()
 .text._ZN7I2C_DRV9GPIO_INITEv
                0x080096cc       0x44 ./src/stm32/I2C.o
                0x080096cc                I2C_DRV::GPIO_INIT()
 .text._ZN7I2C_DRV7IT_INITEv
                0x08009710       0x3e ./src/stm32/I2C.o
                0x08009710                I2C_DRV::IT_INIT()
 *fill*         0x0800974e        0x2 
 .text._ZN7I2C_DRV4InitEv
                0x08009750       0x94 ./src/stm32/I2C.o
                0x08009750                I2C_DRV::Init()
 .text._ZN7I2C_DRV8StartComEv
                0x080097e4       0x94 ./src/stm32/I2C.o
                0x080097e4                I2C_DRV::StartCom()
 .text._ZN7I2C_DRV5ResetEv
                0x08009878       0x28 ./src/stm32/I2C.o
                0x08009878                I2C_DRV::Reset()
 .text._ZN7I2C_DRV8WaitBusyEv
                0x080098a0       0x70 ./src/stm32/I2C.o
                0x080098a0                I2C_DRV::WaitBusy()
 .text._ZN7I2C_DRV11SendMessageEPK8TxI2CMsg
                0x08009910       0x6c ./src/stm32/I2C.o
                0x08009910                I2C_DRV::SendMessage(TxI2CMsg const*)
 .text._ZN7I2C_DRV18SendRequestMessageEPK8TxI2CMsgP8RxI2CMsg
                0x0800997c       0x7c ./src/stm32/I2C.o
                0x0800997c                I2C_DRV::SendRequestMessage(TxI2CMsg const*, RxI2CMsg*)
 .text._ZN7I2C_DRV11I2C_HandlerEv
                0x080099f8      0x27c ./src/stm32/I2C.o
                0x080099f8                I2C_DRV::I2C_Handler()
 .text.I2C1_EV_IRQHandler
                0x08009c74       0x38 ./src/stm32/I2C.o
                0x08009c74                I2C1_EV_IRQHandler
 .text.I2C1_ER_IRQHandler
                0x08009cac       0xe8 ./src/stm32/I2C.o
                0x08009cac                I2C1_ER_IRQHandler
 .text._ZN7SPI_DRV9GPIO_INITEv
                0x08009d94       0x6c ./src/stm32/SPI.o
                0x08009d94                SPI_DRV::GPIO_INIT()
 .text._ZN7SPI_DRV7IT_INITEv
                0x08009e00       0x50 ./src/stm32/SPI.o
                0x08009e00                SPI_DRV::IT_INIT()
 .text._ZN7SPI_DRV4InitEv
                0x08009e50       0xe8 ./src/stm32/SPI.o
                0x08009e50                SPI_DRV::Init()
 .text._ZN7SPI_DRV26SPI_TransmitReceiveMessageEPvhS0_h
                0x08009f38       0x6c ./src/stm32/SPI.o
                0x08009f38                SPI_DRV::SPI_TransmitReceiveMessage(void*, unsigned char, void*, unsigned char)
 .text.DMA1_Channel2_IRQHandler
                0x08009fa4       0x3c ./src/stm32/SPI.o
                0x08009fa4                DMA1_Channel2_IRQHandler
 .text.DMA1_Channel3_IRQHandler
                0x08009fe0       0x40 ./src/stm32/SPI.o
                0x08009fe0                DMA1_Channel3_IRQHandler
 .text.getMacAddress
                0x0800a020      0x124 ./src/stm32/macAddr.o
                0x0800a020                getMacAddress
 .text.NVIC_Init
                0x0800a144       0xc4 ./src/stm32/misc.o
                0x0800a144                NVIC_Init
 .text.__NVIC_SetPriority
                0x0800a208       0x54 ./src/stm32/stm32Clock.o
 .text.systemClockInit
                0x0800a25c       0x44 ./src/stm32/stm32Clock.o
                0x0800a25c                systemClockInit
 .text.SysTick_Handler
                0x0800a2a0       0x30 ./src/stm32/stm32Clock.o
                0x0800a2a0                SysTick_Handler
 .text.getTimerTicks
                0x0800a2d0       0x14 ./src/stm32/stm32Clock.o
                0x0800a2d0                getTimerTicks
 .text.getTimerMilliSecs
                0x0800a2e4       0x24 ./src/stm32/stm32Clock.o
                0x0800a2e4                getTimerMilliSecs
 .text.getTimerLease
                0x0800a308       0x40 ./src/stm32/stm32Clock.o
                0x0800a308                getTimerLease
 .text.getLeaseTime
                0x0800a348       0x58 ./src/stm32/stm32Clock.o
                0x0800a348                getLeaseTime
 .text.wait     0x0800a3a0       0x28 ./src/stm32/stm32Clock.o
                0x0800a3a0                wait
 .text.__NVIC_SystemReset
                0x0800a3c8       0x2c ./src/stm32/stm32Init.o
 .text.RCC_reset
                0x0800a3f4       0x70 ./src/stm32/stm32Init.o
 .text.RCC_waitForCrFlagSet
                0x0800a464       0x30 ./src/stm32/stm32Init.o
 .text.RCC_HSEConfig
                0x0800a494       0x34 ./src/stm32/stm32Init.o
 .text.RCC_configCFGRReg
                0x0800a4c8       0x38 ./src/stm32/stm32Init.o
 .text.RCC_configCFGR2Reg
                0x0800a500       0x38 ./src/stm32/stm32Init.o
 .text.RCC_setPLL_CR_BB
                0x0800a538       0x26 ./src/stm32/stm32Init.o
 *fill*         0x0800a55e        0x2 
 .text.RCC_waitForSysclock
                0x0800a560       0x2c ./src/stm32/stm32Init.o
 .text.RCC_AHBPeriphClockActivate
                0x0800a58c       0x24 ./src/stm32/stm32Init.o
 .text.RCC_APB2PeriphClockActivate
                0x0800a5b0       0x24 ./src/stm32/stm32Init.o
 .text.RCC_Configuration
                0x0800a5d4       0xc4 ./src/stm32/stm32Init.o
 .text.NVIC_Configuration
                0x0800a698        0xc ./src/stm32/stm32Init.o
 .text.GPIO_setData
                0x0800a6a4       0x3a ./src/stm32/stm32Init.o
 *fill*         0x0800a6de        0x2 
 .text.ethernetPhysicalInit
                0x0800a6e0       0x94 ./src/stm32/stm32Init.o
 .text.ethernetMacInit
                0x0800a774       0x68 ./src/stm32/stm32Init.o
                0x0800a774                ethernetMacInit
 .text.stm32SystemInit
                0x0800a7dc       0x54 ./src/stm32/stm32Init.o
                0x0800a7dc                stm32SystemInit
 .text.systemResetNoStats
                0x0800a830        0x8 ./src/stm32/stm32Init.o
                0x0800a830                systemResetNoStats
 .text.ADC_DeInit
                0x0800a838       0x74 ./src/stm32/stm32f10x_adc.o
                0x0800a838                ADC_DeInit
 .text.ADC_Init
                0x0800a8ac       0xa4 ./src/stm32/stm32f10x_adc.o
                0x0800a8ac                ADC_Init
 .text.ADC_StructInit
                0x0800a950       0x36 ./src/stm32/stm32f10x_adc.o
                0x0800a950                ADC_StructInit
 .text.ADC_Cmd  0x0800a986       0x36 ./src/stm32/stm32f10x_adc.o
                0x0800a986                ADC_Cmd
 .text.ADC_DMACmd
                0x0800a9bc       0x36 ./src/stm32/stm32f10x_adc.o
                0x0800a9bc                ADC_DMACmd
 .text.ADC_StartCalibration
                0x0800a9f2       0x1e ./src/stm32/stm32f10x_adc.o
                0x0800a9f2                ADC_StartCalibration
 .text.ADC_GetCalibrationStatus
                0x0800aa10       0x2e ./src/stm32/stm32f10x_adc.o
                0x0800aa10                ADC_GetCalibrationStatus
 .text.ADC_SoftwareStartConvCmd
                0x0800aa3e       0x36 ./src/stm32/stm32f10x_adc.o
                0x0800aa3e                ADC_SoftwareStartConvCmd
 .text.ADC_RegularChannelConfig
                0x0800aa74      0x192 ./src/stm32/stm32f10x_adc.o
                0x0800aa74                ADC_RegularChannelConfig
 *fill*         0x0800ac06        0x2 
 .text.DMA_DeInit
                0x0800ac08      0x178 ./src/stm32/stm32f10x_dma.o
                0x0800ac08                DMA_DeInit
 .text.DMA_Init
                0x0800ad80       0x7c ./src/stm32/stm32f10x_dma.o
                0x0800ad80                DMA_Init
 .text.DMA_StructInit
                0x0800adfc       0x54 ./src/stm32/stm32f10x_dma.o
                0x0800adfc                DMA_StructInit
 .text.DMA_Cmd  0x0800ae50       0x38 ./src/stm32/stm32f10x_dma.o
                0x0800ae50                DMA_Cmd
 .text.DMA_ITConfig
                0x0800ae88       0x3a ./src/stm32/stm32f10x_dma.o
                0x0800ae88                DMA_ITConfig
 *fill*         0x0800aec2        0x2 
 .text.DMA_ClearITPendingBit
                0x0800aec4       0x34 ./src/stm32/stm32f10x_dma.o
                0x0800aec4                DMA_ClearITPendingBit
 .text.FLASH_SetLatency
                0x0800aef8       0x38 ./src/stm32/stm32f10x_flash.o
                0x0800aef8                FLASH_SetLatency
 .text.FLASH_PrefetchBufferCmd
                0x0800af30       0x30 ./src/stm32/stm32f10x_flash.o
                0x0800af30                FLASH_PrefetchBufferCmd
 .text.FLASH_Unlock
                0x0800af60       0x24 ./src/stm32/stm32f10x_flash.o
                0x0800af60                FLASH_Unlock
 .text.FLASH_Lock
                0x0800af84       0x1c ./src/stm32/stm32f10x_flash.o
                0x0800af84                FLASH_Lock
 .text.FLASH_ErasePage
                0x0800afa0       0x6c ./src/stm32/stm32f10x_flash.o
                0x0800afa0                FLASH_ErasePage
 .text.FLASH_ProgramWord
                0x0800b00c       0x98 ./src/stm32/stm32f10x_flash.o
                0x0800b00c                FLASH_ProgramWord
 .text.FLASH_ProgramHalfWord
                0x0800b0a4       0x60 ./src/stm32/stm32f10x_flash.o
                0x0800b0a4                FLASH_ProgramHalfWord
 .text.FLASH_ClearFlag
                0x0800b104       0x20 ./src/stm32/stm32f10x_flash.o
                0x0800b104                FLASH_ClearFlag
 .text.FLASH_GetStatus
                0x0800b124       0x54 ./src/stm32/stm32f10x_flash.o
                0x0800b124                FLASH_GetStatus
 .text.FLASH_WaitForLastOperation
                0x0800b178       0x48 ./src/stm32/stm32f10x_flash.o
                0x0800b178                FLASH_WaitForLastOperation
 .text.delay    0x0800b1c0       0x28 ./src/stm32/stm32f10x_flash.o
 .text.GPIO_Init
                0x0800b1e8      0x178 ./src/stm32/stm32f10x_gpio.o
                0x0800b1e8                GPIO_Init
 .text.GPIO_StructInit
                0x0800b360       0x26 ./src/stm32/stm32f10x_gpio.o
                0x0800b360                GPIO_StructInit
 .text.GPIO_ReadInputDataBit
                0x0800b386       0x32 ./src/stm32/stm32f10x_gpio.o
                0x0800b386                GPIO_ReadInputDataBit
 .text.GPIO_ReadInputData
                0x0800b3b8       0x18 ./src/stm32/stm32f10x_gpio.o
                0x0800b3b8                GPIO_ReadInputData
 .text.GPIO_ReadOutputDataBit
                0x0800b3d0       0x32 ./src/stm32/stm32f10x_gpio.o
                0x0800b3d0                GPIO_ReadOutputDataBit
 .text.GPIO_SetBits
                0x0800b402       0x1c ./src/stm32/stm32f10x_gpio.o
                0x0800b402                GPIO_SetBits
 .text.GPIO_ResetBits
                0x0800b41e       0x1c ./src/stm32/stm32f10x_gpio.o
                0x0800b41e                GPIO_ResetBits
 .text.GPIO_WriteBit
                0x0800b43a       0x2e ./src/stm32/stm32f10x_gpio.o
                0x0800b43a                GPIO_WriteBit
 .text.GPIO_PinRemapConfig
                0x0800b468       0xc4 ./src/stm32/stm32f10x_gpio.o
                0x0800b468                GPIO_PinRemapConfig
 .text.GPIO_ETH_MediaInterfaceConfig
                0x0800b52c       0x1c ./src/stm32/stm32f10x_gpio.o
                0x0800b52c                GPIO_ETH_MediaInterfaceConfig
 .text.I2C_DeInit
                0x0800b548       0x48 ./src/stm32/stm32f10x_i2c.o
                0x0800b548                I2C_DeInit
 .text.I2C_Init
                0x0800b590      0x184 ./src/stm32/stm32f10x_i2c.o
                0x0800b590                I2C_Init
 .text.I2C_StructInit
                0x0800b714       0x3c ./src/stm32/stm32f10x_i2c.o
                0x0800b714                I2C_StructInit
 .text.I2C_Cmd  0x0800b750       0x3e ./src/stm32/stm32f10x_i2c.o
                0x0800b750                I2C_Cmd
 .text.I2C_GenerateSTART
                0x0800b78e       0x3e ./src/stm32/stm32f10x_i2c.o
                0x0800b78e                I2C_GenerateSTART
 .text.I2C_GenerateSTOP
                0x0800b7cc       0x3e ./src/stm32/stm32f10x_i2c.o
                0x0800b7cc                I2C_GenerateSTOP
 .text.I2C_AcknowledgeConfig
                0x0800b80a       0x3e ./src/stm32/stm32f10x_i2c.o
                0x0800b80a                I2C_AcknowledgeConfig
 .text.I2C_ITConfig
                0x0800b848       0x46 ./src/stm32/stm32f10x_i2c.o
                0x0800b848                I2C_ITConfig
 .text.I2C_SendData
                0x0800b88e       0x1e ./src/stm32/stm32f10x_i2c.o
                0x0800b88e                I2C_SendData
 .text.I2C_ReceiveData
                0x0800b8ac       0x1a ./src/stm32/stm32f10x_i2c.o
                0x0800b8ac                I2C_ReceiveData
 .text.I2C_Send7bitAddress
                0x0800b8c6       0x3a ./src/stm32/stm32f10x_i2c.o
                0x0800b8c6                I2C_Send7bitAddress
 .text.I2C_SoftwareResetCmd
                0x0800b900       0x42 ./src/stm32/stm32f10x_i2c.o
                0x0800b900                I2C_SoftwareResetCmd
 .text.I2C_CheckEvent
                0x0800b942       0x5e ./src/stm32/stm32f10x_i2c.o
                0x0800b942                I2C_CheckEvent
 .text.I2C_GetLastEvent
                0x0800b9a0       0x42 ./src/stm32/stm32f10x_i2c.o
                0x0800b9a0                I2C_GetLastEvent
 .text.I2C_ClearFlag
                0x0800b9e2       0x2c ./src/stm32/stm32f10x_i2c.o
                0x0800b9e2                I2C_ClearFlag
 *fill*         0x0800ba0e        0x2 
 .text.RCC_GetClocksFreq
                0x0800ba10      0x1d4 ./src/stm32/stm32f10x_rcc.o
                0x0800ba10                RCC_GetClocksFreq
 .text.RCC_AHBPeriphClockCmd
                0x0800bbe4       0x3c ./src/stm32/stm32f10x_rcc.o
                0x0800bbe4                RCC_AHBPeriphClockCmd
 .text.RCC_APB2PeriphClockCmd
                0x0800bc20       0x3c ./src/stm32/stm32f10x_rcc.o
                0x0800bc20                RCC_APB2PeriphClockCmd
 .text.RCC_APB1PeriphClockCmd
                0x0800bc5c       0x3c ./src/stm32/stm32f10x_rcc.o
                0x0800bc5c                RCC_APB1PeriphClockCmd
 .text.RCC_APB2PeriphResetCmd
                0x0800bc98       0x3c ./src/stm32/stm32f10x_rcc.o
                0x0800bc98                RCC_APB2PeriphResetCmd
 .text.RCC_APB1PeriphResetCmd
                0x0800bcd4       0x3c ./src/stm32/stm32f10x_rcc.o
                0x0800bcd4                RCC_APB1PeriphResetCmd
 .text.SPI_Init
                0x0800bd10       0x86 ./src/stm32/stm32f10x_spi.o
                0x0800bd10                SPI_Init
 .text.SPI_I2S_DMACmd
                0x0800bd96       0x46 ./src/stm32/stm32f10x_spi.o
                0x0800bd96                SPI_I2S_DMACmd
 .text.SPI_I2S_ReceiveData
                0x0800bddc       0x18 ./src/stm32/stm32f10x_spi.o
                0x0800bddc                SPI_I2S_ReceiveData
 .text.SPI_I2S_GetFlagStatus
                0x0800bdf4       0x36 ./src/stm32/stm32f10x_spi.o
                0x0800bdf4                SPI_I2S_GetFlagStatus
 .text._getpid  0x0800be2a        0xe ./src/stm32/syscalls.o