C:/Projects/Embedded/BootLoader/src/stm32f10x_flash.c:126:6:FLASH_SetLatency	24	static
C:/Projects/Embedded/BootLoader/src/stm32f10x_flash.c:149:6:FLASH_HalfCycleAccessCmd	16	static
C:/Projects/Embedded/BootLoader/src/stm32f10x_flash.c:164:6:FLASH_PrefetchBufferCmd	16	static
C:/Projects/Embedded/BootLoader/src/stm32f10x_flash.c:176:6:FLASH_Unlock	4	static
C:/Projects/Embedded/BootLoader/src/stm32f10x_flash.c:188:6:FLASH_Lock	4	static
C:/Projects/Embedded/BootLoader/src/stm32f10x_flash.c:200:14:FLASH_ErasePage	24	static
C:/Projects/Embedded/BootLoader/src/stm32f10x_flash.c:231:14:FLASH_EraseAllPages	16	static
C:/Projects/Embedded/BootLoader/src/stm32f10x_flash.c:261:14:FLASH_EraseOptionBytes	16	static
C:/Projects/Embedded/BootLoader/src/stm32f10x_flash.c:317:14:FLASH_ProgramWord	24	static
C:/Projects/Embedded/BootLoader/src/stm32f10x_flash.c:372:14:FLASH_ProgramHalfWord	24	static
C:/Projects/Embedded/BootLoader/src/stm32f10x_flash.c:404:14:FLASH_ProgramOptionByteData	24	static
C:/Projects/Embedded/BootLoader/src/stm32f10x_flash.c:444:14:FLASH_EnableWriteProtection	32	static
C:/Projects/Embedded/BootLoader/src/stm32f10x_flash.c:514:14:FLASH_ReadOutProtection	24	static
C:/Projects/Embedded/BootLoader/src/stm32f10x_flash.c:580:14:FLASH_UserOptionByteConfig	24	static
C:/Projects/Embedded/BootLoader/src/stm32f10x_flash.c:616:10:FLASH_GetUserOptionByte	4	static
C:/Projects/Embedded/BootLoader/src/stm32f10x_flash.c:627:10:FLASH_GetWriteProtectionOptionByte	4	static
C:/Projects/Embedded/BootLoader/src/stm32f10x_flash.c:638:12:FLASH_GetReadOutProtectionStatus	16	static
C:/Projects/Embedded/BootLoader/src/stm32f10x_flash.c:657:12:FLASH_GetPrefetchBufferStatus	16	static
C:/Projects/Embedded/BootLoader/src/stm32f10x_flash.c:683:6:FLASH_ITConfig	16	static
C:/Projects/Embedded/BootLoader/src/stm32f10x_flash.c:708:12:FLASH_GetFlagStatus	24	static
C:/Projects/Embedded/BootLoader/src/stm32f10x_flash.c:746:6:FLASH_ClearFlag	16	static
C:/Projects/Embedded/BootLoader/src/stm32f10x_flash.c:758:14:FLASH_GetStatus	16	static
C:/Projects/Embedded/BootLoader/src/stm32f10x_flash.c:794:14:FLASH_WaitForLastOperation	24	static
C:/Projects/Embedded/BootLoader/src/stm32f10x_flash.c:820:13:delay	16	static
