../src/persistentData/persistentSystemData.h:103:26:virtual const uint8_t PersistentSystemData::Get_LocalRemoteSource()	0	static
../src/persistentData/persistentSystemData.cpp:22:21:const OutLinkDCI_t* PersistentSystemData::Get_OutputLinkSettings()	0	static
../src/persistentData/persistentSystemData.cpp:28:1:PersistentSystemData::PersistentSystemData(uint8_t&)	0	static
../src/persistentData/persistentSystemData.cpp:32:17:COMMAND_SUCCESS PersistentSystemData::handleSetMacro(Buffer&)	32	static
../src/persistentData/persistentSystemData.cpp:59:17:COMMAND_SUCCESS PersistentSystemData::handleSetConfig(Buffer&)	328	static
../src/persistentData/persistentSystemData.cpp:81:13:ErrorStatus PersistentSystemData::EraseAllData()	16	static
../src/persistentData/persistentSystemData.cpp:112:13:ErrorStatus PersistentSystemData::CheckMemory()	16	static
../src/persistentData/persistentSystemData.cpp:124:21:const IpSettings_t* PersistentSystemData::Get_IpSetting()	0	static
../src/persistentData/persistentSystemData.cpp:135:21:const Raw_Config_t* PersistentSystemData::Get_CBSetting(int)	0	static
../src/persistentData/persistentSystemData.cpp:142:13:ErrorStatus PersistentSystemData::UpdateMemory(uint8_t, const SystemSettings_t*)	32	static
../src/persistentData/persistentSystemData.cpp:102:13:ErrorStatus PersistentSystemData::Initialize()	320	static
../src/persistentData/persistentSystemData.cpp:180:6:void PersistentSystemData::handleGetConfig(Buffer&, Buffer&)	16	static
