../src/persistentData/persistentSystemData.h:103:26:virtual const uint8_t PersistentSystemData::Get_LocalRemoteSource()	0	static
../src/persistentData/persistentData.h:43:25:virtual const uint8_t PersistentData::Get_LocalRemoteSource()	0	static
../src/persistentData/persistentData.h:51:28:virtual const GpoLink_t* PersistentData::Get_GPOLinkSettings()	0	static
../src/persistentData/persistentData.h:61:30:virtual const MacroLink_t* PersistentData::Get_PorLinkSettings()	0	static
../src/persistentData/persistentData.h:66:30:virtual const MacroLink_t* PersistentData::Get_MacroLinkSettings()	0	static
../src/persistentData/persistentData.h:71:30:virtual const MacroLink_t* PersistentData::Get_StateLinkSettings()	0	static
../src/persistentData/persistentData.h:75:28:virtual const Macro_cmd* PersistentData::Get_MacroAddress(uint8_t)	0	static
../src/persistentData/persistentData.cpp:191:13:virtual const char* PersistentData::getSerialNumber() const	0	static
../src/persistentData/persistentData.cpp:209:10:virtual uint32_t PersistentData::getNext32RandomNumber()	16	static
../src/persistentData/persistentData.cpp:220:16:virtual const MACAddr& PersistentData::getMacAddr() const	0	static
../src/persistentData/persistentData.cpp:229:18:virtual const Version_T& PersistentData::getSystemVersion()	0	static
../src/persistentData/persistentData.cpp:287:5:virtual int PersistentData::getResetCounter() const	0	static
../src/persistentData/persistentData.cpp:201:10:virtual uint16_t PersistentData::getNext16RandomNumber()	8	static
../src/persistentData/persistentData.cpp:259:21:virtual const IpSettings_t* PersistentData::Get_IpSetting()	8	static
../src/persistentData/persistentData.cpp:281:21:virtual const Raw_Config_t* PersistentData::Get_CBSetting(int)	8	static
../src/persistentData/persistentData.cpp:292:6:virtual void PersistentData::handleGetConfig(Buffer&, Buffer&)	8	static
../src/persistentData/persistentData.cpp:311:22:virtual const OutLinkDCI_t* PersistentData::Get_OutputLinkSettings()	8	static
../src/persistentData/persistentData.cpp:304:18:virtual COMMAND_SUCCESS PersistentData::handleSetConfig(Buffer&)	16	static
../src/persistentData/persistentData.cpp:297:17:virtual COMMAND_SUCCESS PersistentData::handleSetMacro(Buffer&)	16	static
../src/persistentData/persistentData.cpp:142:13:virtual ErrorStatus PersistentData::FactoryReset()	16	static
../src/persistentData/persistentData.cpp:120:13:virtual ErrorStatus PersistentData::resetPersistentMemory(bool)	24	static
../src/persistentData/persistentData.cpp:25:1:PersistentData::PersistentData(uint8_t&)	16	static
../src/persistentData/persistentData.cpp:33:1:PersistentData::PersistentData()	8	static
../src/persistentData/persistentData.cpp:85:6:void PersistentData::writePersistentStaticData(int, const char*, int)	40	static
../src/persistentData/persistentData.cpp:180:5:virtual int PersistentData::setSerialNumber(const char*)	48	static
../src/persistentData/persistentData.cpp:155:6:void PersistentData::initializeStaticMem()	48	static
../src/persistentData/persistentData.cpp:63:6:void PersistentData::initPersistentData()	48	static
../src/persistentData/persistentData.cpp:173:6:void PersistentData::setMacAddr(char*)	16	static
../src/persistentData/persistentData.cpp:44:6:void PersistentData::loadPersistentData()	32	static
