../src/stm32/stm32f10x_gpio.c:78:6:GPIO_Init	40	static
../src/stm32/stm32f10x_gpio.c:166:6:GPIO_StructInit	16	static
../src/stm32/stm32f10x_gpio.c:181:9:GPIO_ReadInputDataBit	24	static
../src/stm32/stm32f10x_gpio.c:201:10:GPIO_ReadInputData	16	static
../src/stm32/stm32f10x_gpio.c:213:9:GPIO_ReadOutputDataBit	24	static
../src/stm32/stm32f10x_gpio.c:232:10:GPIO_ReadOutputData	16	static
../src/stm32/stm32f10x_gpio.c:244:6:GPIO_SetBits	16	static
../src/stm32/stm32f10x_gpio.c:256:6:GPIO_ResetBits	16	static
../src/stm32/stm32f10x_gpio.c:272:6:GPIO_WriteBit	16	static
../src/stm32/stm32f10x_gpio.c:290:6:GPIO_Write	16	static
../src/stm32/stm32f10x_gpio.c:302:6:GPIO_PinLockConfig	24	static
../src/stm32/stm32f10x_gpio.c:328:6:GPIO_EventOutputConfig	24	static
../src/stm32/stm32f10x_gpio.c:345:6:GPIO_EventOutputCmd	16	static
../src/stm32/stm32f10x_gpio.c:390:6:GPIO_PinRemapConfig	32	static
../src/stm32/stm32f10x_gpio.c:432:6:GPIO_EXTILineConfig	24	static
../src/stm32/stm32f10x_gpio.c:449:6:GPIO_ETH_MediaInterfaceConfig	16	static
